[
{
    "entityType": "dataset",
    "entityUrn": "urn:li:dataset:(urn:li:dataPlatform:snowflake,snowflake.db.users,PROD)",
    "changeType": "UPSERT",
    "aspectName": "datasetUsageStatistics",
    "aspect": {
        "json": {
            "timestampMillis": 1609459200000,
            "eventGranularity": {
                "unit": "DAY",
                "multiple": 1
            },
            "partitionSpec": {
                "partition": "FULL_TABLE_SNAPSHOT",
                "type": "FULL_TABLE"
            },
            "uniqueUserCount": 15,
            "totalSqlQueries": 15,
            "topSqlQueries": [
                "SELECT * FROM snowflake.db.users WHERE user_id = 1",
                "SELECT * FROM snowflake.db.users WHERE user_id = 2",
                "SELECT * FROM snowflake.db.users WHERE user_id = 3",
                "SELECT * FROM snowflake.db.users WHERE user_id = 4",
                "SELECT * FROM snowflake.db.users WHERE user_id = 5",
                "SELECT * FROM snowflake.db.users WHERE user_id = 6",
                "SELECT * FROM snowflake.db.users WHERE user_id = 7",
                "SELECT * FROM snowflake.db.users WHERE user_id = 8",
                "SELECT * FROM snowflake.db.users WHERE user_id = 9",
                "SELECT * FROM snowflake.db.users WHERE user_id = 10"
            ],
            "userCounts": [
                {
                    "user": "urn:li:corpuser:user_1",
                    "count": 1
                },
                {
                    "user": "urn:li:corpuser:user_2",
                    "count": 1
                },
                {
                    "user": "urn:li:corpuser:user_3",
                    "count": 1
                },
                {
                    "user": "urn:li:corpuser:user_4",
                    "count": 1
                },
                {
                    "user": "urn:li:corpuser:user_5",
                    "count": 1
                },
                {
                    "user": "urn:li:corpuser:user_6",
                    "count": 1
                },
                {
                    "user": "urn:li:corpuser:user_7",
                    "count": 1
                },
                {
                    "user": "urn:li:corpuser:user_8",
                    "count": 1
                },
                {
                    "user": "urn:li:corpuser:user_9",
                    "count": 1
                },
                {
                    "user": "urn:li:corpuser:user_10",
                    "count": 1
                },
                {
                    "user": "urn:li:corpuser:user_11",
                    "count": 1
                },
                {
                    "user": "urn:li:corpuser:user_12",
                    "count": 1
                },
                {
                    "user": "urn:li:corpuser:user_13",
                    "count": 1
                },
                {
                    "user": "urn:li:corpuser:user_14",
                    "count": 1
                },
                {
                    "user": "urn:li:corpuser:user_15",
                    "count": 1
                }
            ],
            "fieldCounts": []
        }
    },
    "systemMetadata": {
        "lastObserved": 1757898062681,
        "runId": "sql-queries-2025_09_14-21_01_02-pwvcpj",
        "lastRunId": "no-run-id-provided"
    }
},
{
    "entityType": "query",
    "entityUrn": "urn:li:query:4d299661aff121d683751de129f3a38159f74f2634315c0ae954ee85c4526b9b",
    "changeType": "UPSERT",
    "aspectName": "queryProperties",
    "aspect": {
        "json": {
            "customProperties": {},
            "statement": {
                "value": "SELECT * FROM snowflake.db.users WHERE user_id = 15",
                "language": "SQL"
            },
            "source": "SYSTEM",
            "created": {
                "time": 1609459214000,
                "actor": "urn:li:corpuser:user_15"
            },
            "lastModified": {
                "time": 1609459214000,
                "actor": "urn:li:corpuser:user_15"
            }
        }
    },
    "systemMetadata": {
        "lastObserved": 1757898062683,
        "runId": "sql-queries-2025_09_14-21_01_02-pwvcpj",
        "lastRunId": "no-run-id-provided"
    }
},
{
    "entityType": "query",
    "entityUrn": "urn:li:query:4d299661aff121d683751de129f3a38159f74f2634315c0ae954ee85c4526b9b",
    "changeType": "UPSERT",
    "aspectName": "querySubjects",
    "aspect": {
        "json": {
            "subjects": [
                {
                    "entity": "urn:li:dataset:(urn:li:dataPlatform:snowflake,snowflake.db.users,PROD)"
                }
            ]
        }
    },
    "systemMetadata": {
        "lastObserved": 1757898062683,
        "runId": "sql-queries-2025_09_14-21_01_02-pwvcpj",
        "lastRunId": "no-run-id-provided"
    }
},
{
    "entityType": "query",
    "entityUrn": "urn:li:query:4d299661aff121d683751de129f3a38159f74f2634315c0ae954ee85c4526b9b",
    "changeType": "UPSERT",
    "aspectName": "dataPlatformInstance",
    "aspect": {
        "json": {
            "platform": "urn:li:dataPlatform:snowflake"
        }
    },
    "systemMetadata": {
        "lastObserved": 1757898062683,
        "runId": "sql-queries-2025_09_14-21_01_02-pwvcpj",
        "lastRunId": "no-run-id-provided"
    }
}
]