{  "proposal" :{"aspectName":"dataJobInputOutput","entityUrn":"urn:li:dataJob:(urn:li:dataFlow:(spark,test_machine.sparkTestApp,local),test_machine.sparkTestApp)","entityType":"dataJob","aspect":{"contentType" : "application/json","value" : "{\"inputDatajobs\":[\"urn:li:dataJob:(urn:li:dataFlow:(airflow,datahub_analytics_refresh,prod),load_dashboard_info_to_snowflake)\"],\"inputDatasets\":[\"urn:li:dataset:(urn:li:dataPlatform:file,test_dev_dataset.file:/home/mugdha/acryl/datahub-fork/metadata-integration/java/spark-lineage/src/test/resources/data/in1.csv,DEV)\",\"urn:li:dataset:(urn:li:dataPlatform:file,test_dev_dataset.file:/home/mugdha/acryl/datahub-fork/metadata-integration/java/spark-lineage/src/test/resources/data/in2.csv,DEV)\"],\"outputDatasets\":[\"urn:li:dataset:(urn:li:dataPlatform:file,test_dev_dataset.file:/home/mugdha/acryl/datahub-fork/metadata-integration/java/spark-lineage/src/test/resources/data/out.csv,DEV)\"]}"}}}
