{  "proposal" :{"aspectName":"dataJobInputOutput","entityUrn":"urn:li:dataJob:(urn:li:dataFlow:(spark,test_machine.sparkTestApp,local),QueryExecId_24)","entityType":"dataJob","aspect":{"value":"{\"inputDatasets\":[\"urn:li:dataset:(urn:li:dataPlatform:file,test_dev_dataset.file:/src/test/resources/data/in1.csv,DEV)\",\"urn:li:dataset:(urn:li:dataPlatform:file,test_dev_dataset.file:/src/test/resources/data/in2.csv,DEV)\"],\"outputDatasets\":[\"urn:li:dataset:(urn:li:dataPlatform:postgres,test_dev_dataset.sparktestdb.foo1,DEV)\"]}","contentType":"application/json"},"changeType":"UPSERT"}}
