[
{
    "entityType": "dataFlow",
    "entityUrn": "urn:li:dataFlow:(airflow,myairflow.basic_iolets,prod)",
    "changeType": "UPSERT",
    "aspectName": "dataFlowInfo",
    "aspect": {
        "json": {
            "customProperties": {
                "_access_control": "None",
                "catchup": "False",
                "description": "None",
                "doc_md": "None",
                "fileloc": "<fileloc>",
                "is_paused_upon_creation": "None",
                "start_date": "DateTime(2023, 1, 1, 0, 0, 0, tzinfo=Timezone('UTC'))",
                "tags": "[]",
                "timezone": "Timezone('UTC')"
            },
            "externalUrl": "http://airflow.example.com/tree?dag_id=basic_iolets",
            "name": "basic_iolets",
            "env": "PROD"
        }
    }
},
{
    "entityType": "dataFlow",
    "entityUrn": "urn:li:dataFlow:(airflow,myairflow.basic_iolets,prod)",
    "changeType": "UPSERT",
    "aspectName": "status",
    "aspect": {
        "json": {
            "removed": false
        }
    }
},
{
    "entityType": "dataFlow",
    "entityUrn": "urn:li:dataFlow:(airflow,myairflow.basic_iolets,prod)",
    "changeType": "UPSERT",
    "aspectName": "dataPlatformInstance",
    "aspect": {
        "json": {
            "platform": "urn:li:dataPlatform:airflow",
            "instance": "urn:li:dataPlatformInstance:(urn:li:dataPlatform:airflow,myairflow)"
        }
    }
},
{
    "entityType": "dataFlow",
    "entityUrn": "urn:li:dataFlow:(airflow,myairflow.basic_iolets,prod)",
    "changeType": "UPSERT",
    "aspectName": "ownership",
    "aspect": {
        "json": {
            "owners": [
                {
                    "owner": "urn:li:corpuser:airflow",
                    "type": "DEVELOPER",
                    "source": {
                        "type": "SERVICE"
                    }
                }
            ],
            "ownerTypes": {},
            "lastModified": {
                "time": 0,
                "actor": "urn:li:corpuser:airflow"
            }
        }
    }
},
{
    "entityType": "dataFlow",
    "entityUrn": "urn:li:dataFlow:(airflow,myairflow.basic_iolets,prod)",
    "changeType": "UPSERT",
    "aspectName": "globalTags",
    "aspect": {
        "json": {
            "tags": []
        }
    }
},
{
    "entityType": "dataFlow",
    "entityUrn": "urn:li:dataFlow:(airflow,myairflow.basic_iolets,prod)",
    "changeType": "UPSERT",
    "aspectName": "status",
    "aspect": {
        "json": {
            "removed": false
        }
    }
},
{
    "entityType": "dataJob",
    "entityUrn": "urn:li:dataJob:(urn:li:dataFlow:(airflow,myairflow.basic_iolets,prod),run_data_task)",
    "changeType": "UPSERT",
    "aspectName": "status",
    "aspect": {
        "json": {
            "removed": false
        }
    }
},
{
    "entityType": "dataFlow",
    "entityUrn": "urn:li:dataFlow:(airflow,myairflow.basic_iolets,prod)",
    "changeType": "UPSERT",
    "aspectName": "dataPlatformInstance",
    "aspect": {
        "json": {
            "platform": "urn:li:dataPlatform:airflow",
            "instance": "urn:li:dataPlatformInstance:(urn:li:dataPlatform:airflow,myairflow)"
        }
    }
},
{
    "entityType": "dataFlow",
    "entityUrn": "urn:li:dataFlow:(airflow,myairflow.basic_iolets,prod)",
    "changeType": "UPSERT",
    "aspectName": "browsePathsV2",
    "aspect": {
        "json": {
            "path": [
                {
                    "id": "myairflow",
                    "urn": "urn:li:dataPlatformInstance:(urn:li:dataPlatform:airflow,myairflow)"
                },
                {
                    "id": "basic_iolets"
                }
            ]
        }
    }
},
{
    "entityType": "dataJob",
    "entityUrn": "urn:li:dataJob:(urn:li:dataFlow:(airflow,myairflow.basic_iolets,prod),run_data_task)",
    "changeType": "UPSERT",
    "aspectName": "dataJobInfo",
    "aspect": {
        "json": {
            "customProperties": {
                "depends_on_past": "False",
                "email": "None",
                "label": "'run_data_task'",
                "execution_timeout": "None",
                "sla": "None",
                "task_id": "'run_data_task'",
                "trigger_rule": "<TriggerRule.ALL_SUCCESS: 'all_success'>",
                "wait_for_downstream": "False",
                "downstream_task_ids": "[]",
                "inlets": "[Dataset(platform='snowflake', name='mydb.schema.tableA', env='PROD', platform_instance=None), Dataset(platform='snowflake', name='mydb.schema.tableB', env='DEV', platform_instance=None), Dataset(platform='snowflake', name='mydb.schema.tableC', env='PROD', platform_instance='cloud'), Urn(_urn='urn:li:dataset:(urn:li:dataPlatform:snowflake,mydb.schema.tableC,PROD)'), Urn(_urn='urn:li:dataJob:(urn:li:dataFlow:(airflow,myairflow.test_dag,PROD),test_task)')]",
                "outlets": "[Dataset(platform='snowflake', name='mydb.schema.tableD', env='PROD', platform_instance=None), Dataset(platform='snowflake', name='mydb.schema.tableE', env='PROD', platform_instance=None)]",
                "openlineage_run_facet_unknownSourceAttribute": "{\"_producer\": \"https://github.com/OpenLineage/OpenLineage/tree/1.30.1/integration/airflow\", \"_schemaURL\": \"https://openlineage.io/spec/2-0-2/OpenLineage.json#/$defs/BaseFacet\", \"unknownItems\": [{\"name\": \"BashOperator\", \"properties\": {\"depends_on_past\": false, \"downstream_task_ids\": \"[]\", \"executor_config\": {}, \"ignore_first_depends_on_past\": true, \"is_setup\": false, \"is_teardown\": false, \"mapped\": false, \"multiple_outputs\": false, \"operator_class\": \"airflow.operators.bash.BashOperator\", \"owner\": \"airflow\", \"priority_weight\": 1, \"queue\": \"default\", \"retries\": 0, \"retry_exponential_backoff\": false, \"task_id\": \"run_data_task\", \"trigger_rule\": \"all_success\", \"upstream_task_ids\": \"[]\", \"wait_for_downstream\": false, \"wait_for_past_depends_before_skipping\": false, \"weight_rule\": \"<<non-serializable: _DownstreamPriorityWeightStrategy>>\"}, \"type\": \"operator\"}]}"
            },
            "externalUrl": "http://airflow.example.com/taskinstance/list/?flt1_dag_id_equals=basic_iolets&_flt_3_task_id=run_data_task",
            "name": "run_data_task",
            "type": {
                "string": "COMMAND"
            },
            "env": "PROD"
        }
    }
},
{
    "entityType": "dataJob",
    "entityUrn": "urn:li:dataJob:(urn:li:dataFlow:(airflow,myairflow.basic_iolets,prod),run_data_task)",
    "changeType": "UPSERT",
    "aspectName": "dataPlatformInstance",
    "aspect": {
        "json": {
            "platform": "urn:li:dataPlatform:airflow",
            "instance": "urn:li:dataPlatformInstance:(urn:li:dataPlatform:airflow,myairflow)"
        }
    }
},
{
    "entityType": "dataJob",
    "entityUrn": "urn:li:dataJob:(urn:li:dataFlow:(airflow,myairflow.basic_iolets,prod),run_data_task)",
    "changeType": "UPSERT",
    "aspectName": "status",
    "aspect": {
        "json": {
            "removed": false
        }
    }
},
{
    "entityType": "dataJob",
    "entityUrn": "urn:li:dataJob:(urn:li:dataFlow:(airflow,myairflow.basic_iolets,prod),run_data_task)",
    "changeType": "UPSERT",
    "aspectName": "dataJobInputOutput",
    "aspect": {
        "json": {
            "inputDatasets": [
                "urn:li:dataset:(urn:li:dataPlatform:snowflake,cloud.mydb.schema.tableC,PROD)",
                "urn:li:dataset:(urn:li:dataPlatform:snowflake,mydb.schema.tableA,PROD)",
                "urn:li:dataset:(urn:li:dataPlatform:snowflake,mydb.schema.tableB,DEV)",
                "urn:li:dataset:(urn:li:dataPlatform:snowflake,mydb.schema.tableC,PROD)"
            ],
            "outputDatasets": [
                "urn:li:dataset:(urn:li:dataPlatform:snowflake,mydb.schema.tableD,PROD)",
                "urn:li:dataset:(urn:li:dataPlatform:snowflake,mydb.schema.tableE,PROD)"
            ],
            "inputDatajobs": [
                "urn:li:dataJob:(urn:li:dataFlow:(airflow,myairflow.test_dag,PROD),test_task)"
            ],
            "fineGrainedLineages": []
        }
    }
},
{
    "entityType": "dataset",
    "entityUrn": "urn:li:dataset:(urn:li:dataPlatform:snowflake,cloud.mydb.schema.tableC,PROD)",
    "changeType": "UPSERT",
    "aspectName": "datasetKey",
    "aspect": {
        "json": {
            "platform": "urn:li:dataPlatform:snowflake",
            "name": "cloud.mydb.schema.tableC",
            "origin": "PROD"
        }
    }
},
{
    "entityType": "dataset",
    "entityUrn": "urn:li:dataset:(urn:li:dataPlatform:snowflake,mydb.schema.tableA,PROD)",
    "changeType": "UPSERT",
    "aspectName": "datasetKey",
    "aspect": {
        "json": {
            "platform": "urn:li:dataPlatform:snowflake",
            "name": "mydb.schema.tableA",
            "origin": "PROD"
        }
    }
},
{
    "entityType": "dataset",
    "entityUrn": "urn:li:dataset:(urn:li:dataPlatform:snowflake,mydb.schema.tableB,DEV)",
    "changeType": "UPSERT",
    "aspectName": "datasetKey",
    "aspect": {
        "json": {
            "platform": "urn:li:dataPlatform:snowflake",
            "name": "mydb.schema.tableB",
            "origin": "DEV"
        }
    }
},
{
    "entityType": "dataset",
    "entityUrn": "urn:li:dataset:(urn:li:dataPlatform:snowflake,mydb.schema.tableC,PROD)",
    "changeType": "UPSERT",
    "aspectName": "datasetKey",
    "aspect": {
        "json": {
            "platform": "urn:li:dataPlatform:snowflake",
            "name": "mydb.schema.tableC",
            "origin": "PROD"
        }
    }
},
{
    "entityType": "dataset",
    "entityUrn": "urn:li:dataset:(urn:li:dataPlatform:snowflake,mydb.schema.tableD,PROD)",
    "changeType": "UPSERT",
    "aspectName": "datasetKey",
    "aspect": {
        "json": {
            "platform": "urn:li:dataPlatform:snowflake",
            "name": "mydb.schema.tableD",
            "origin": "PROD"
        }
    }
},
{
    "entityType": "dataset",
    "entityUrn": "urn:li:dataset:(urn:li:dataPlatform:snowflake,mydb.schema.tableE,PROD)",
    "changeType": "UPSERT",
    "aspectName": "datasetKey",
    "aspect": {
        "json": {
            "platform": "urn:li:dataPlatform:snowflake",
            "name": "mydb.schema.tableE",
            "origin": "PROD"
        }
    }
},
{
    "entityType": "dataJob",
    "entityUrn": "urn:li:dataJob:(urn:li:dataFlow:(airflow,myairflow.basic_iolets,prod),run_data_task)",
    "changeType": "UPSERT",
    "aspectName": "ownership",
    "aspect": {
        "json": {
            "owners": [
                {
                    "owner": "urn:li:corpuser:airflow",
                    "type": "DEVELOPER",
                    "source": {
                        "type": "SERVICE"
                    }
                }
            ],
            "ownerTypes": {},
            "lastModified": {
                "time": 0,
                "actor": "urn:li:corpuser:airflow"
            }
        }
    }
},
{
    "entityType": "dataJob",
    "entityUrn": "urn:li:dataJob:(urn:li:dataFlow:(airflow,myairflow.basic_iolets,prod),run_data_task)",
    "changeType": "UPSERT",
    "aspectName": "globalTags",
    "aspect": {
        "json": {
            "tags": []
        }
    }
},
{
    "entityType": "dataProcessInstance",
    "entityUrn": "urn:li:dataProcessInstance:5d666eaf9015a31b3e305e8bc2dba078",
    "changeType": "UPSERT",
    "aspectName": "dataProcessInstanceProperties",
    "aspect": {
        "json": {
            "customProperties": {
                "run_id": "manual_run_test",
                "duration": "<duration>",
                "start_date": "<start_date>",
                "end_date": "<end_date>",
                "execution_date": "2023-09-27 21:34:38+00:00",
                "try_number": "0",
                "max_tries": "0",
                "external_executor_id": "None",
                "state": "running",
                "operator": "BashOperator",
                "priority_weight": "1",
                "log_url": "http://airflow.example.com/dags/basic_iolets/grid?dag_run_id=manual_run_test&task_id=run_data_task&base_date=2023-09-27T21%3A34%3A38%2B0000&tab=logs",
                "orchestrator": "airflow",
                "dag_id": "basic_iolets",
                "task_id": "run_data_task"
            },
            "externalUrl": "http://airflow.example.com/dags/basic_iolets/grid?dag_run_id=manual_run_test&task_id=run_data_task&base_date=2023-09-27T21%3A34%3A38%2B0000&tab=logs",
            "name": "basic_iolets_run_data_task_manual_run_test",
            "type": "BATCH_AD_HOC",
            "created": {
                "time": 1743764385530,
                "actor": "urn:li:corpuser:datahub"
            }
        }
    }
},
{
    "entityType": "dataProcessInstance",
    "entityUrn": "urn:li:dataProcessInstance:5d666eaf9015a31b3e305e8bc2dba078",
    "changeType": "UPSERT",
    "aspectName": "dataProcessInstanceRelationships",
    "aspect": {
        "json": {
            "parentTemplate": "urn:li:dataJob:(urn:li:dataFlow:(airflow,myairflow.basic_iolets,prod),run_data_task)",
            "upstreamInstances": []
        }
    }
},
{
    "entityType": "dataProcessInstance",
    "entityUrn": "urn:li:dataProcessInstance:5d666eaf9015a31b3e305e8bc2dba078",
    "changeType": "UPSERT",
    "aspectName": "dataPlatformInstance",
    "aspect": {
        "json": {
            "platform": "urn:li:dataPlatform:airflow",
            "instance": "urn:li:dataPlatformInstance:(urn:li:dataPlatform:airflow,myairflow)"
        }
    }
},
{
    "entityType": "dataProcessInstance",
    "entityUrn": "urn:li:dataProcessInstance:5d666eaf9015a31b3e305e8bc2dba078",
    "changeType": "UPSERT",
    "aspectName": "dataProcessInstanceInput",
    "aspect": {
        "json": {
            "inputs": [
                "urn:li:dataset:(urn:li:dataPlatform:snowflake,cloud.mydb.schema.tableC,PROD)",
                "urn:li:dataset:(urn:li:dataPlatform:snowflake,mydb.schema.tableA,PROD)",
                "urn:li:dataset:(urn:li:dataPlatform:snowflake,mydb.schema.tableB,DEV)",
                "urn:li:dataset:(urn:li:dataPlatform:snowflake,mydb.schema.tableC,PROD)"
            ]
        }
    }
},
{
    "entityType": "dataProcessInstance",
    "entityUrn": "urn:li:dataProcessInstance:5d666eaf9015a31b3e305e8bc2dba078",
    "changeType": "UPSERT",
    "aspectName": "dataProcessInstanceOutput",
    "aspect": {
        "json": {
            "outputs": [
                "urn:li:dataset:(urn:li:dataPlatform:snowflake,mydb.schema.tableD,PROD)",
                "urn:li:dataset:(urn:li:dataPlatform:snowflake,mydb.schema.tableE,PROD)"
            ]
        }
    }
},
{
    "entityType": "dataset",
    "entityUrn": "urn:li:dataset:(urn:li:dataPlatform:snowflake,cloud.mydb.schema.tableC,PROD)",
    "changeType": "UPSERT",
    "aspectName": "datasetKey",
    "aspect": {
        "json": {
            "platform": "urn:li:dataPlatform:snowflake",
            "name": "cloud.mydb.schema.tableC",
            "origin": "PROD"
        }
    }
},
{
    "entityType": "dataset",
    "entityUrn": "urn:li:dataset:(urn:li:dataPlatform:snowflake,mydb.schema.tableA,PROD)",
    "changeType": "UPSERT",
    "aspectName": "datasetKey",
    "aspect": {
        "json": {
            "platform": "urn:li:dataPlatform:snowflake",
            "name": "mydb.schema.tableA",
            "origin": "PROD"
        }
    }
},
{
    "entityType": "dataset",
    "entityUrn": "urn:li:dataset:(urn:li:dataPlatform:snowflake,mydb.schema.tableB,DEV)",
    "changeType": "UPSERT",
    "aspectName": "datasetKey",
    "aspect": {
        "json": {
            "platform": "urn:li:dataPlatform:snowflake",
            "name": "mydb.schema.tableB",
            "origin": "DEV"
        }
    }
},
{
    "entityType": "dataset",
    "entityUrn": "urn:li:dataset:(urn:li:dataPlatform:snowflake,mydb.schema.tableC,PROD)",
    "changeType": "UPSERT",
    "aspectName": "datasetKey",
    "aspect": {
        "json": {
            "platform": "urn:li:dataPlatform:snowflake",
            "name": "mydb.schema.tableC",
            "origin": "PROD"
        }
    }
},
{
    "entityType": "dataset",
    "entityUrn": "urn:li:dataset:(urn:li:dataPlatform:snowflake,mydb.schema.tableD,PROD)",
    "changeType": "UPSERT",
    "aspectName": "datasetKey",
    "aspect": {
        "json": {
            "platform": "urn:li:dataPlatform:snowflake",
            "name": "mydb.schema.tableD",
            "origin": "PROD"
        }
    }
},
{
    "entityType": "dataset",
    "entityUrn": "urn:li:dataset:(urn:li:dataPlatform:snowflake,mydb.schema.tableE,PROD)",
    "changeType": "UPSERT",
    "aspectName": "datasetKey",
    "aspect": {
        "json": {
            "platform": "urn:li:dataPlatform:snowflake",
            "name": "mydb.schema.tableE",
            "origin": "PROD"
        }
    }
},
{
    "entityType": "dataProcessInstance",
    "entityUrn": "urn:li:dataProcessInstance:5d666eaf9015a31b3e305e8bc2dba078",
    "changeType": "UPSERT",
    "aspectName": "dataProcessInstanceRunEvent",
    "aspect": {
        "json": {
            "timestampMillis": 1743764385530,
            "partitionSpec": {
                "partition": "FULL_TABLE_SNAPSHOT",
                "type": "FULL_TABLE"
            },
            "status": "STARTED",
            "attempt": 1
        }
    }
},
{
    "entityType": "dataset",
    "entityUrn": "urn:li:dataset:(urn:li:dataPlatform:snowflake,mydb.schema.tableD,PROD)",
    "changeType": "UPSERT",
    "aspectName": "operation",
    "aspect": {
        "json": {
            "timestampMillis": 1743764385740,
            "partitionSpec": {
                "partition": "FULL_TABLE_SNAPSHOT",
                "type": "FULL_TABLE"
            },
            "actor": "urn:li:corpuser:airflow",
            "operationType": "CREATE",
            "lastUpdatedTimestamp": 1743764385740
        }
    }
},
{
    "entityType": "dataset",
    "entityUrn": "urn:li:dataset:(urn:li:dataPlatform:snowflake,mydb.schema.tableE,PROD)",
    "changeType": "UPSERT",
    "aspectName": "operation",
    "aspect": {
        "json": {
            "timestampMillis": 1743764385749,
            "partitionSpec": {
                "partition": "FULL_TABLE_SNAPSHOT",
                "type": "FULL_TABLE"
            },
            "actor": "urn:li:corpuser:airflow",
            "operationType": "CREATE",
            "lastUpdatedTimestamp": 1743764385749
        }
    }
},
{
    "entityType": "dataJob",
    "entityUrn": "urn:li:dataJob:(urn:li:dataFlow:(airflow,myairflow.basic_iolets,prod),run_data_task)",
    "changeType": "UPSERT",
    "aspectName": "dataJobInfo",
    "aspect": {
        "json": {
            "customProperties": {
                "depends_on_past": "False",
                "email": "None",
                "label": "'run_data_task'",
                "execution_timeout": "None",
                "sla": "None",
                "task_id": "'run_data_task'",
                "trigger_rule": "<TriggerRule.ALL_SUCCESS: 'all_success'>",
                "wait_for_downstream": "False",
                "downstream_task_ids": "[]",
                "inlets": "[Dataset(platform='snowflake', name='mydb.schema.tableA', env='PROD', platform_instance=None), Dataset(platform='snowflake', name='mydb.schema.tableB', env='DEV', platform_instance=None), Dataset(platform='snowflake', name='mydb.schema.tableC', env='PROD', platform_instance='cloud'), Urn(_urn='urn:li:dataset:(urn:li:dataPlatform:snowflake,mydb.schema.tableC,PROD)'), Urn(_urn='urn:li:dataJob:(urn:li:dataFlow:(airflow,myairflow.test_dag,PROD),test_task)')]",
                "outlets": "[Dataset(platform='snowflake', name='mydb.schema.tableD', env='PROD', platform_instance=None), Dataset(platform='snowflake', name='mydb.schema.tableE', env='PROD', platform_instance=None)]",
                "openlineage_run_facet_unknownSourceAttribute": "{\"_producer\": \"https://github.com/OpenLineage/OpenLineage/tree/1.30.1/integration/airflow\", \"_schemaURL\": \"https://openlineage.io/spec/2-0-2/OpenLineage.json#/$defs/BaseFacet\", \"unknownItems\": [{\"name\": \"BashOperator\", \"properties\": {\"depends_on_past\": false, \"downstream_task_ids\": \"[]\", \"executor_config\": {}, \"ignore_first_depends_on_past\": true, \"is_setup\": false, \"is_teardown\": false, \"mapped\": false, \"multiple_outputs\": false, \"operator_class\": \"airflow.operators.bash.BashOperator\", \"owner\": \"airflow\", \"priority_weight\": 1, \"queue\": \"default\", \"retries\": 0, \"retry_exponential_backoff\": false, \"task_id\": \"run_data_task\", \"trigger_rule\": \"all_success\", \"upstream_task_ids\": \"[]\", \"wait_for_downstream\": false, \"wait_for_past_depends_before_skipping\": false, \"weight_rule\": \"<<non-serializable: _DownstreamPriorityWeightStrategy>>\"}, \"type\": \"operator\"}]}"
            },
            "externalUrl": "http://airflow.example.com/taskinstance/list/?flt1_dag_id_equals=basic_iolets&_flt_3_task_id=run_data_task",
            "name": "run_data_task",
            "type": {
                "string": "COMMAND"
            },
            "env": "PROD"
        }
    }
},
{
    "entityType": "dataJob",
    "entityUrn": "urn:li:dataJob:(urn:li:dataFlow:(airflow,myairflow.basic_iolets,prod),run_data_task)",
    "changeType": "UPSERT",
    "aspectName": "dataPlatformInstance",
    "aspect": {
        "json": {
            "platform": "urn:li:dataPlatform:airflow",
            "instance": "urn:li:dataPlatformInstance:(urn:li:dataPlatform:airflow,myairflow)"
        }
    }
},
{
    "entityType": "dataJob",
    "entityUrn": "urn:li:dataJob:(urn:li:dataFlow:(airflow,myairflow.basic_iolets,prod),run_data_task)",
    "changeType": "UPSERT",
    "aspectName": "status",
    "aspect": {
        "json": {
            "removed": false
        }
    }
},
{
    "entityType": "dataJob",
    "entityUrn": "urn:li:dataJob:(urn:li:dataFlow:(airflow,myairflow.basic_iolets,prod),run_data_task)",
    "changeType": "UPSERT",
    "aspectName": "dataJobInputOutput",
    "aspect": {
        "json": {
            "inputDatasets": [
                "urn:li:dataset:(urn:li:dataPlatform:snowflake,cloud.mydb.schema.tableC,PROD)",
                "urn:li:dataset:(urn:li:dataPlatform:snowflake,mydb.schema.tableA,PROD)",
                "urn:li:dataset:(urn:li:dataPlatform:snowflake,mydb.schema.tableB,DEV)",
                "urn:li:dataset:(urn:li:dataPlatform:snowflake,mydb.schema.tableC,PROD)"
            ],
            "outputDatasets": [
                "urn:li:dataset:(urn:li:dataPlatform:snowflake,mydb.schema.tableD,PROD)",
                "urn:li:dataset:(urn:li:dataPlatform:snowflake,mydb.schema.tableE,PROD)"
            ],
            "inputDatajobs": [
                "urn:li:dataJob:(urn:li:dataFlow:(airflow,myairflow.test_dag,PROD),test_task)"
            ],
            "fineGrainedLineages": []
        }
    }
},
{
    "entityType": "dataset",
    "entityUrn": "urn:li:dataset:(urn:li:dataPlatform:snowflake,cloud.mydb.schema.tableC,PROD)",
    "changeType": "UPSERT",
    "aspectName": "datasetKey",
    "aspect": {
        "json": {
            "platform": "urn:li:dataPlatform:snowflake",
            "name": "cloud.mydb.schema.tableC",
            "origin": "PROD"
        }
    }
},
{
    "entityType": "dataset",
    "entityUrn": "urn:li:dataset:(urn:li:dataPlatform:snowflake,mydb.schema.tableA,PROD)",
    "changeType": "UPSERT",
    "aspectName": "datasetKey",
    "aspect": {
        "json": {
            "platform": "urn:li:dataPlatform:snowflake",
            "name": "mydb.schema.tableA",
            "origin": "PROD"
        }
    }
},
{
    "entityType": "dataset",
    "entityUrn": "urn:li:dataset:(urn:li:dataPlatform:snowflake,mydb.schema.tableB,DEV)",
    "changeType": "UPSERT",
    "aspectName": "datasetKey",
    "aspect": {
        "json": {
            "platform": "urn:li:dataPlatform:snowflake",
            "name": "mydb.schema.tableB",
            "origin": "DEV"
        }
    }
},
{
    "entityType": "dataset",
    "entityUrn": "urn:li:dataset:(urn:li:dataPlatform:snowflake,mydb.schema.tableC,PROD)",
    "changeType": "UPSERT",
    "aspectName": "datasetKey",
    "aspect": {
        "json": {
            "platform": "urn:li:dataPlatform:snowflake",
            "name": "mydb.schema.tableC",
            "origin": "PROD"
        }
    }
},
{
    "entityType": "dataset",
    "entityUrn": "urn:li:dataset:(urn:li:dataPlatform:snowflake,mydb.schema.tableD,PROD)",
    "changeType": "UPSERT",
    "aspectName": "datasetKey",
    "aspect": {
        "json": {
            "platform": "urn:li:dataPlatform:snowflake",
            "name": "mydb.schema.tableD",
            "origin": "PROD"
        }
    }
},
{
    "entityType": "dataset",
    "entityUrn": "urn:li:dataset:(urn:li:dataPlatform:snowflake,mydb.schema.tableE,PROD)",
    "changeType": "UPSERT",
    "aspectName": "datasetKey",
    "aspect": {
        "json": {
            "platform": "urn:li:dataPlatform:snowflake",
            "name": "mydb.schema.tableE",
            "origin": "PROD"
        }
    }
},
{
    "entityType": "dataJob",
    "entityUrn": "urn:li:dataJob:(urn:li:dataFlow:(airflow,myairflow.basic_iolets,prod),run_data_task)",
    "changeType": "UPSERT",
    "aspectName": "ownership",
    "aspect": {
        "json": {
            "owners": [
                {
                    "owner": "urn:li:corpuser:airflow",
                    "type": "DEVELOPER",
                    "source": {
                        "type": "SERVICE"
                    }
                }
            ],
            "ownerTypes": {},
            "lastModified": {
                "time": 0,
                "actor": "urn:li:corpuser:airflow"
            }
        }
    }
},
{
    "entityType": "dataJob",
    "entityUrn": "urn:li:dataJob:(urn:li:dataFlow:(airflow,myairflow.basic_iolets,prod),run_data_task)",
    "changeType": "UPSERT",
    "aspectName": "globalTags",
    "aspect": {
        "json": {
            "tags": []
        }
    }
},
{
    "entityType": "dataProcessInstance",
    "entityUrn": "urn:li:dataProcessInstance:5d666eaf9015a31b3e305e8bc2dba078",
    "changeType": "UPSERT",
    "aspectName": "dataProcessInstanceRunEvent",
    "aspect": {
        "json": {
            "timestampMillis": 1743764385781,
            "partitionSpec": {
                "partition": "FULL_TABLE_SNAPSHOT",
                "type": "FULL_TABLE"
            },
            "status": "COMPLETE",
            "result": {
                "type": "SUCCESS",
                "nativeResultType": "airflow"
            }
        }
    }
}
]