[
{
    "entityType": "dataFlow",
    "entityUrn": "urn:li:dataFlow:(airflow,bigquery_insert_job_operator,prod)",
    "changeType": "UPSERT",
    "aspectName": "dataFlowInfo",
    "aspect": {
        "json": {
            "customProperties": {
                "catchup": "false",
                "description": "",
                "doc_md": "",
                "fileloc": "<fileloc>",
                "is_paused_upon_creation": "",
                "start_date": "2023-01-01T00:00:00+00:00",
                "tags": "[]",
                "timezone": "UTC"
            },
            "externalUrl": "http://airflow.example.com/tree?dag_id=bigquery_insert_job_operator",
            "name": "bigquery_insert_job_operator",
            "env": "PROD"
        }
    }
},
{
    "entityType": "dataFlow",
    "entityUrn": "urn:li:dataFlow:(airflow,bigquery_insert_job_operator,prod)",
    "changeType": "UPSERT",
    "aspectName": "status",
    "aspect": {
        "json": {
            "removed": false
        }
    }
},
{
    "entityType": "dataFlow",
    "entityUrn": "urn:li:dataFlow:(airflow,bigquery_insert_job_operator,prod)",
    "changeType": "UPSERT",
    "aspectName": "ownership",
    "aspect": {
        "json": {
            "owners": [
                {
                    "owner": "urn:li:corpuser:airflow",
                    "type": "DEVELOPER",
                    "source": {
                        "type": "SERVICE"
                    }
                }
            ],
            "ownerTypes": {},
            "lastModified": {
                "time": 0,
                "actor": "urn:li:corpuser:airflow"
            }
        }
    }
},
{
    "entityType": "dataFlow",
    "entityUrn": "urn:li:dataFlow:(airflow,bigquery_insert_job_operator,prod)",
    "changeType": "UPSERT",
    "aspectName": "globalTags",
    "aspect": {
        "json": {
            "tags": []
        }
    }
},
{
    "entityType": "dataFlow",
    "entityUrn": "urn:li:dataFlow:(airflow,bigquery_insert_job_operator,prod)",
    "changeType": "UPSERT",
    "aspectName": "status",
    "aspect": {
        "json": {
            "removed": false
        }
    }
},
{
    "entityType": "dataJob",
    "entityUrn": "urn:li:dataJob:(urn:li:dataFlow:(airflow,bigquery_insert_job_operator,prod),select_with_destination_config)",
    "changeType": "UPSERT",
    "aspectName": "status",
    "aspect": {
        "json": {
            "removed": false
        }
    }
},
{
    "entityType": "dataJob",
    "entityUrn": "urn:li:dataJob:(urn:li:dataFlow:(airflow,bigquery_insert_job_operator,prod),insert_query_without_destination)",
    "changeType": "UPSERT",
    "aspectName": "status",
    "aspect": {
        "json": {
            "removed": false
        }
    }
},
{
    "entityType": "dataFlow",
    "entityUrn": "urn:li:dataFlow:(airflow,bigquery_insert_job_operator,prod)",
    "changeType": "UPSERT",
    "aspectName": "browsePathsV2",
    "aspect": {
        "json": {
            "path": [
                {
                    "id": "bigquery_insert_job_operator"
                }
            ]
        }
    }
},
{
    "entityType": "dataJob",
    "entityUrn": "urn:li:dataJob:(urn:li:dataFlow:(airflow,bigquery_insert_job_operator,prod),select_with_destination_config)",
    "changeType": "UPSERT",
    "aspectName": "dataJobInfo",
    "aspect": {
        "json": {
            "customProperties": {
                "depends_on_past": "False",
                "email": "None",
                "label": "'select_with_destination_config'",
                "execution_timeout": "None",
                "sql": "'\\n                SELECT\\n                    id,\\n                    month,\\n                    total_cost,\\n                    area,\\n                    total_cost / area as cost_per_area\\n                FROM `test_project.test_dataset.costs`\\n                WHERE total_cost > 50\\n                '",
                "task_id": "'select_with_destination_config'",
                "trigger_rule": "<TriggerRule.ALL_SUCCESS: 'all_success'>",
                "wait_for_downstream": "False",
                "downstream_task_ids": "[]",
                "inlets": "[]",
                "outlets": "[]"
            },
            "externalUrl": "http://airflow.example.com/taskinstance/list/?flt1_dag_id_equals=bigquery_insert_job_operator&_flt_3_task_id=select_with_destination_config",
            "name": "select_with_destination_config",
            "type": {
                "string": "COMMAND"
            },
            "env": "PROD"
        }
    }
},
{
    "entityType": "dataJob",
    "entityUrn": "urn:li:dataJob:(urn:li:dataFlow:(airflow,bigquery_insert_job_operator,prod),select_with_destination_config)",
    "changeType": "UPSERT",
    "aspectName": "status",
    "aspect": {
        "json": {
            "removed": false
        }
    }
},
{
    "entityType": "dataJob",
    "entityUrn": "urn:li:dataJob:(urn:li:dataFlow:(airflow,bigquery_insert_job_operator,prod),select_with_destination_config)",
    "changeType": "UPSERT",
    "aspectName": "dataJobInputOutput",
    "aspect": {
        "json": {
            "inputDatasets": [],
            "outputDatasets": [],
            "inputDatajobs": [],
            "fineGrainedLineages": []
        }
    }
},
{
    "entityType": "dataJob",
    "entityUrn": "urn:li:dataJob:(urn:li:dataFlow:(airflow,bigquery_insert_job_operator,prod),insert_query_without_destination)",
    "changeType": "UPSERT",
    "aspectName": "dataJobInfo",
    "aspect": {
        "json": {
            "customProperties": {
                "depends_on_past": "False",
                "email": "None",
                "label": "'insert_query_without_destination'",
                "execution_timeout": "None",
                "sql": "'\\n                INSERT INTO `test_project.test_dataset.processed_costs`\\n                (id, month, total_cost, area, cost_per_area)\\n                SELECT\\n                    id,\\n                    month,\\n                    total_cost,\\n                    area,\\n                    total_cost / area as cost_per_area\\n                FROM `test_project.test_dataset.costs`\\n                WHERE total_cost > 100\\n                '",
                "task_id": "'insert_query_without_destination'",
                "trigger_rule": "<TriggerRule.ALL_SUCCESS: 'all_success'>",
                "wait_for_downstream": "False",
                "downstream_task_ids": "[]",
                "inlets": "[]",
                "outlets": "[]"
            },
            "externalUrl": "http://airflow.example.com/taskinstance/list/?flt1_dag_id_equals=bigquery_insert_job_operator&_flt_3_task_id=insert_query_without_destination",
            "name": "insert_query_without_destination",
            "type": {
                "string": "COMMAND"
            },
            "env": "PROD"
        }
    }
},
{
    "entityType": "dataJob",
    "entityUrn": "urn:li:dataJob:(urn:li:dataFlow:(airflow,bigquery_insert_job_operator,prod),insert_query_without_destination)",
    "changeType": "UPSERT",
    "aspectName": "status",
    "aspect": {
        "json": {
            "removed": false
        }
    }
},
{
    "entityType": "dataJob",
    "entityUrn": "urn:li:dataJob:(urn:li:dataFlow:(airflow,bigquery_insert_job_operator,prod),insert_query_without_destination)",
    "changeType": "UPSERT",
    "aspectName": "dataJobInputOutput",
    "aspect": {
        "json": {
            "inputDatasets": [],
            "outputDatasets": [],
            "inputDatajobs": [],
            "fineGrainedLineages": []
        }
    }
},
{
    "entityType": "dataJob",
    "entityUrn": "urn:li:dataJob:(urn:li:dataFlow:(airflow,bigquery_insert_job_operator,prod),insert_query_without_destination)",
    "changeType": "UPSERT",
    "aspectName": "ownership",
    "aspect": {
        "json": {
            "owners": [
                {
                    "owner": "urn:li:corpuser:airflow",
                    "type": "DEVELOPER",
                    "source": {
                        "type": "SERVICE"
                    }
                }
            ],
            "ownerTypes": {},
            "lastModified": {
                "time": 0,
                "actor": "urn:li:corpuser:airflow"
            }
        }
    }
},
{
    "entityType": "dataJob",
    "entityUrn": "urn:li:dataJob:(urn:li:dataFlow:(airflow,bigquery_insert_job_operator,prod),insert_query_without_destination)",
    "changeType": "UPSERT",
    "aspectName": "globalTags",
    "aspect": {
        "json": {
            "tags": []
        }
    }
},
{
    "entityType": "dataProcessInstance",
    "entityUrn": "urn:li:dataProcessInstance:ad5cf6e007be4b127a8729275f118c3b",
    "changeType": "UPSERT",
    "aspectName": "dataProcessInstanceProperties",
    "aspect": {
        "json": {
            "customProperties": {
                "run_id": "manual_run_test",
                "start_date": "<start_date>",
                "try_number": "0",
                "state": "TaskInstanceState.RUNNING",
                "task_id": "insert_query_without_destination",
                "dag_id": "bigquery_insert_job_operator",
                "end_date": "<end_date>",
                "max_tries": "0",
                "operator": "BigQueryInsertJobOperator",
                "log_url": "http://airflow.example.com/dags/bigquery_insert_job_operator/runs/manual_run_test/tasks/insert_query_without_destination?try_number=1",
                "orchestrator": "airflow"
            },
            "externalUrl": "http://airflow.example.com/dags/bigquery_insert_job_operator/runs/manual_run_test/tasks/insert_query_without_destination?try_number=1",
            "name": "bigquery_insert_job_operator_insert_query_without_destination_manual_run_test",
            "type": "BATCH_AD_HOC",
            "created": {
                "time": 1760951333867,
                "actor": "urn:li:corpuser:datahub"
            }
        }
    }
},
{
    "entityType": "dataProcessInstance",
    "entityUrn": "urn:li:dataProcessInstance:ad5cf6e007be4b127a8729275f118c3b",
    "changeType": "UPSERT",
    "aspectName": "dataProcessInstanceRelationships",
    "aspect": {
        "json": {
            "parentTemplate": "urn:li:dataJob:(urn:li:dataFlow:(airflow,bigquery_insert_job_operator,prod),insert_query_without_destination)",
            "upstreamInstances": []
        }
    }
},
{
    "entityType": "dataProcessInstance",
    "entityUrn": "urn:li:dataProcessInstance:ad5cf6e007be4b127a8729275f118c3b",
    "changeType": "UPSERT",
    "aspectName": "dataProcessInstanceRunEvent",
    "aspect": {
        "json": {
            "timestampMillis": 1760951333867,
            "partitionSpec": {
                "partition": "FULL_TABLE_SNAPSHOT",
                "type": "FULL_TABLE"
            },
            "status": "STARTED",
            "attempt": 1
        }
    }
},
{
    "entityType": "dataJob",
    "entityUrn": "urn:li:dataJob:(urn:li:dataFlow:(airflow,bigquery_insert_job_operator,prod),select_with_destination_config)",
    "changeType": "UPSERT",
    "aspectName": "ownership",
    "aspect": {
        "json": {
            "owners": [
                {
                    "owner": "urn:li:corpuser:airflow",
                    "type": "DEVELOPER",
                    "source": {
                        "type": "SERVICE"
                    }
                }
            ],
            "ownerTypes": {},
            "lastModified": {
                "time": 0,
                "actor": "urn:li:corpuser:airflow"
            }
        }
    }
},
{
    "entityType": "dataJob",
    "entityUrn": "urn:li:dataJob:(urn:li:dataFlow:(airflow,bigquery_insert_job_operator,prod),select_with_destination_config)",
    "changeType": "UPSERT",
    "aspectName": "globalTags",
    "aspect": {
        "json": {
            "tags": []
        }
    }
},
{
    "entityType": "dataProcessInstance",
    "entityUrn": "urn:li:dataProcessInstance:c2b6bc237a75fe628ce6bf2c282b0e3c",
    "changeType": "UPSERT",
    "aspectName": "dataProcessInstanceProperties",
    "aspect": {
        "json": {
            "customProperties": {
                "run_id": "manual_run_test",
                "start_date": "<start_date>",
                "try_number": "0",
                "state": "TaskInstanceState.RUNNING",
                "task_id": "select_with_destination_config",
                "dag_id": "bigquery_insert_job_operator",
                "end_date": "<end_date>",
                "max_tries": "0",
                "operator": "BigQueryInsertJobOperator",
                "log_url": "http://airflow.example.com/dags/bigquery_insert_job_operator/runs/manual_run_test/tasks/select_with_destination_config?try_number=1",
                "orchestrator": "airflow"
            },
            "externalUrl": "http://airflow.example.com/dags/bigquery_insert_job_operator/runs/manual_run_test/tasks/select_with_destination_config?try_number=1",
            "name": "bigquery_insert_job_operator_select_with_destination_config_manual_run_test",
            "type": "BATCH_AD_HOC",
            "created": {
                "time": 1760951333868,
                "actor": "urn:li:corpuser:datahub"
            }
        }
    }
},
{
    "entityType": "dataProcessInstance",
    "entityUrn": "urn:li:dataProcessInstance:c2b6bc237a75fe628ce6bf2c282b0e3c",
    "changeType": "UPSERT",
    "aspectName": "dataProcessInstanceRelationships",
    "aspect": {
        "json": {
            "parentTemplate": "urn:li:dataJob:(urn:li:dataFlow:(airflow,bigquery_insert_job_operator,prod),select_with_destination_config)",
            "upstreamInstances": []
        }
    }
},
{
    "entityType": "dataProcessInstance",
    "entityUrn": "urn:li:dataProcessInstance:c2b6bc237a75fe628ce6bf2c282b0e3c",
    "changeType": "UPSERT",
    "aspectName": "dataProcessInstanceRunEvent",
    "aspect": {
        "json": {
            "timestampMillis": 1760951333868,
            "partitionSpec": {
                "partition": "FULL_TABLE_SNAPSHOT",
                "type": "FULL_TABLE"
            },
            "status": "STARTED",
            "attempt": 1
        }
    }
},
{
    "entityType": "dataJob",
    "entityUrn": "urn:li:dataJob:(urn:li:dataFlow:(airflow,bigquery_insert_job_operator,prod),insert_query_without_destination)",
    "changeType": "UPSERT",
    "aspectName": "dataJobInfo",
    "aspect": {
        "json": {
            "customProperties": {
                "depends_on_past": "False",
                "email": "None",
                "label": "'insert_query_without_destination'",
                "execution_timeout": "None",
                "sql": "'\\n                INSERT INTO `test_project.test_dataset.processed_costs`\\n                (id, month, total_cost, area, cost_per_area)\\n                SELECT\\n                    id,\\n                    month,\\n                    total_cost,\\n                    area,\\n                    total_cost / area as cost_per_area\\n                FROM `test_project.test_dataset.costs`\\n                WHERE total_cost > 100\\n                '",
                "task_id": "'insert_query_without_destination'",
                "trigger_rule": "<TriggerRule.ALL_SUCCESS: 'all_success'>",
                "wait_for_downstream": "False",
                "downstream_task_ids": "[]",
                "inlets": "[]",
                "outlets": "[]"
            },
            "externalUrl": "http://airflow.example.com/taskinstance/list/?flt1_dag_id_equals=bigquery_insert_job_operator&_flt_3_task_id=insert_query_without_destination",
            "name": "insert_query_without_destination",
            "type": {
                "string": "COMMAND"
            },
            "env": "PROD"
        }
    }
},
{
    "entityType": "dataJob",
    "entityUrn": "urn:li:dataJob:(urn:li:dataFlow:(airflow,bigquery_insert_job_operator,prod),insert_query_without_destination)",
    "changeType": "UPSERT",
    "aspectName": "status",
    "aspect": {
        "json": {
            "removed": false
        }
    }
},
{
    "entityType": "dataJob",
    "entityUrn": "urn:li:dataJob:(urn:li:dataFlow:(airflow,bigquery_insert_job_operator,prod),insert_query_without_destination)",
    "changeType": "UPSERT",
    "aspectName": "dataJobInputOutput",
    "aspect": {
        "json": {
            "inputDatasets": [
                "urn:li:dataset:(urn:li:dataPlatform:bigquery,test_project.test_dataset.costs,PROD)"
            ],
            "outputDatasets": [
                "urn:li:dataset:(urn:li:dataPlatform:bigquery,test_project.test_dataset.processed_costs,PROD)"
            ],
            "inputDatajobs": [],
            "fineGrainedLineages": [
                {
                    "upstreamType": "FIELD_SET",
                    "upstreams": [
                        "urn:li:schemaField:(urn:li:dataset:(urn:li:dataPlatform:bigquery,test_project.test_dataset.costs,PROD),id)"
                    ],
                    "downstreamType": "FIELD",
                    "downstreams": [
                        "urn:li:schemaField:(urn:li:dataset:(urn:li:dataPlatform:bigquery,test_project.test_dataset.processed_costs,PROD),id)"
                    ],
                    "confidenceScore": 1.0
                },
                {
                    "upstreamType": "FIELD_SET",
                    "upstreams": [
                        "urn:li:schemaField:(urn:li:dataset:(urn:li:dataPlatform:bigquery,test_project.test_dataset.costs,PROD),month)"
                    ],
                    "downstreamType": "FIELD",
                    "downstreams": [
                        "urn:li:schemaField:(urn:li:dataset:(urn:li:dataPlatform:bigquery,test_project.test_dataset.processed_costs,PROD),month)"
                    ],
                    "confidenceScore": 1.0
                },
                {
                    "upstreamType": "FIELD_SET",
                    "upstreams": [
                        "urn:li:schemaField:(urn:li:dataset:(urn:li:dataPlatform:bigquery,test_project.test_dataset.costs,PROD),total_cost)"
                    ],
                    "downstreamType": "FIELD",
                    "downstreams": [
                        "urn:li:schemaField:(urn:li:dataset:(urn:li:dataPlatform:bigquery,test_project.test_dataset.processed_costs,PROD),total_cost)"
                    ],
                    "confidenceScore": 1.0
                },
                {
                    "upstreamType": "FIELD_SET",
                    "upstreams": [
                        "urn:li:schemaField:(urn:li:dataset:(urn:li:dataPlatform:bigquery,test_project.test_dataset.costs,PROD),area)"
                    ],
                    "downstreamType": "FIELD",
                    "downstreams": [
                        "urn:li:schemaField:(urn:li:dataset:(urn:li:dataPlatform:bigquery,test_project.test_dataset.processed_costs,PROD),area)"
                    ],
                    "confidenceScore": 1.0
                },
                {
                    "upstreamType": "FIELD_SET",
                    "upstreams": [
                        "urn:li:schemaField:(urn:li:dataset:(urn:li:dataPlatform:bigquery,test_project.test_dataset.costs,PROD),area)",
                        "urn:li:schemaField:(urn:li:dataset:(urn:li:dataPlatform:bigquery,test_project.test_dataset.costs,PROD),total_cost)"
                    ],
                    "downstreamType": "FIELD",
                    "downstreams": [
                        "urn:li:schemaField:(urn:li:dataset:(urn:li:dataPlatform:bigquery,test_project.test_dataset.processed_costs,PROD),cost_per_area)"
                    ],
                    "confidenceScore": 1.0
                }
            ]
        }
    }
},
{
    "entityType": "dataset",
    "entityUrn": "urn:li:dataset:(urn:li:dataPlatform:bigquery,test_project.test_dataset.costs,PROD)",
    "changeType": "UPSERT",
    "aspectName": "datasetKey",
    "aspect": {
        "json": {
            "platform": "urn:li:dataPlatform:bigquery",
            "name": "test_project.test_dataset.costs",
            "origin": "PROD"
        }
    }
},
{
    "entityType": "dataset",
    "entityUrn": "urn:li:dataset:(urn:li:dataPlatform:bigquery,test_project.test_dataset.processed_costs,PROD)",
    "changeType": "UPSERT",
    "aspectName": "datasetKey",
    "aspect": {
        "json": {
            "platform": "urn:li:dataPlatform:bigquery",
            "name": "test_project.test_dataset.processed_costs",
            "origin": "PROD"
        }
    }
},
{
    "entityType": "dataJob",
    "entityUrn": "urn:li:dataJob:(urn:li:dataFlow:(airflow,bigquery_insert_job_operator,prod),insert_query_without_destination)",
    "changeType": "UPSERT",
    "aspectName": "ownership",
    "aspect": {
        "json": {
            "owners": [
                {
                    "owner": "urn:li:corpuser:airflow",
                    "type": "DEVELOPER",
                    "source": {
                        "type": "SERVICE"
                    }
                }
            ],
            "ownerTypes": {},
            "lastModified": {
                "time": 0,
                "actor": "urn:li:corpuser:airflow"
            }
        }
    }
},
{
    "entityType": "dataJob",
    "entityUrn": "urn:li:dataJob:(urn:li:dataFlow:(airflow,bigquery_insert_job_operator,prod),insert_query_without_destination)",
    "changeType": "UPSERT",
    "aspectName": "globalTags",
    "aspect": {
        "json": {
            "tags": []
        }
    }
},
{
    "entityType": "dataProcessInstance",
    "entityUrn": "urn:li:dataProcessInstance:ad5cf6e007be4b127a8729275f118c3b",
    "changeType": "UPSERT",
    "aspectName": "dataProcessInstanceRunEvent",
    "aspect": {
        "json": {
            "timestampMillis": 1760951336184,
            "partitionSpec": {
                "partition": "FULL_TABLE_SNAPSHOT",
                "type": "FULL_TABLE"
            },
            "status": "COMPLETE",
            "result": {
                "type": "SUCCESS",
                "nativeResultType": "airflow"
            }
        }
    }
},
{
    "entityType": "dataJob",
    "entityUrn": "urn:li:dataJob:(urn:li:dataFlow:(airflow,bigquery_insert_job_operator,prod),select_with_destination_config)",
    "changeType": "UPSERT",
    "aspectName": "dataJobInfo",
    "aspect": {
        "json": {
            "customProperties": {
                "depends_on_past": "False",
                "email": "None",
                "label": "'select_with_destination_config'",
                "execution_timeout": "None",
                "sql": "'\\n                SELECT\\n                    id,\\n                    month,\\n                    total_cost,\\n                    area,\\n                    total_cost / area as cost_per_area\\n                FROM `test_project.test_dataset.costs`\\n                WHERE total_cost > 50\\n                '",
                "task_id": "'select_with_destination_config'",
                "trigger_rule": "<TriggerRule.ALL_SUCCESS: 'all_success'>",
                "wait_for_downstream": "False",
                "downstream_task_ids": "[]",
                "inlets": "[]",
                "outlets": "[]"
            },
            "externalUrl": "http://airflow.example.com/taskinstance/list/?flt1_dag_id_equals=bigquery_insert_job_operator&_flt_3_task_id=select_with_destination_config",
            "name": "select_with_destination_config",
            "type": {
                "string": "COMMAND"
            },
            "env": "PROD"
        }
    }
},
{
    "entityType": "dataJob",
    "entityUrn": "urn:li:dataJob:(urn:li:dataFlow:(airflow,bigquery_insert_job_operator,prod),select_with_destination_config)",
    "changeType": "UPSERT",
    "aspectName": "status",
    "aspect": {
        "json": {
            "removed": false
        }
    }
},
{
    "entityType": "dataJob",
    "entityUrn": "urn:li:dataJob:(urn:li:dataFlow:(airflow,bigquery_insert_job_operator,prod),select_with_destination_config)",
    "changeType": "UPSERT",
    "aspectName": "dataJobInputOutput",
    "aspect": {
        "json": {
            "inputDatasets": [
                "urn:li:dataset:(urn:li:dataPlatform:bigquery,test_project.test_dataset.costs,PROD)"
            ],
            "outputDatasets": [
                "urn:li:dataset:(urn:li:dataPlatform:bigquery,test_project.test_dataset.processed_costs,PROD)"
            ],
            "inputDatajobs": [],
            "fineGrainedLineages": [
                {
                    "upstreamType": "FIELD_SET",
                    "upstreams": [
                        "urn:li:schemaField:(urn:li:dataset:(urn:li:dataPlatform:bigquery,test_project.test_dataset.costs,PROD),id)"
                    ],
                    "downstreamType": "FIELD",
                    "downstreams": [],
                    "confidenceScore": 1.0
                },
                {
                    "upstreamType": "FIELD_SET",
                    "upstreams": [
                        "urn:li:schemaField:(urn:li:dataset:(urn:li:dataPlatform:bigquery,test_project.test_dataset.costs,PROD),month)"
                    ],
                    "downstreamType": "FIELD",
                    "downstreams": [],
                    "confidenceScore": 1.0
                },
                {
                    "upstreamType": "FIELD_SET",
                    "upstreams": [
                        "urn:li:schemaField:(urn:li:dataset:(urn:li:dataPlatform:bigquery,test_project.test_dataset.costs,PROD),total_cost)"
                    ],
                    "downstreamType": "FIELD",
                    "downstreams": [],
                    "confidenceScore": 1.0
                },
                {
                    "upstreamType": "FIELD_SET",
                    "upstreams": [
                        "urn:li:schemaField:(urn:li:dataset:(urn:li:dataPlatform:bigquery,test_project.test_dataset.costs,PROD),area)"
                    ],
                    "downstreamType": "FIELD",
                    "downstreams": [],
                    "confidenceScore": 1.0
                },
                {
                    "upstreamType": "FIELD_SET",
                    "upstreams": [
                        "urn:li:schemaField:(urn:li:dataset:(urn:li:dataPlatform:bigquery,test_project.test_dataset.costs,PROD),area)",
                        "urn:li:schemaField:(urn:li:dataset:(urn:li:dataPlatform:bigquery,test_project.test_dataset.costs,PROD),total_cost)"
                    ],
                    "downstreamType": "FIELD",
                    "downstreams": [],
                    "confidenceScore": 1.0
                }
            ]
        }
    }
},
{
    "entityType": "dataset",
    "entityUrn": "urn:li:dataset:(urn:li:dataPlatform:bigquery,test_project.test_dataset.costs,PROD)",
    "changeType": "UPSERT",
    "aspectName": "datasetKey",
    "aspect": {
        "json": {
            "platform": "urn:li:dataPlatform:bigquery",
            "name": "test_project.test_dataset.costs",
            "origin": "PROD"
        }
    }
},
{
    "entityType": "dataset",
    "entityUrn": "urn:li:dataset:(urn:li:dataPlatform:bigquery,test_project.test_dataset.processed_costs,PROD)",
    "changeType": "UPSERT",
    "aspectName": "datasetKey",
    "aspect": {
        "json": {
            "platform": "urn:li:dataPlatform:bigquery",
            "name": "test_project.test_dataset.processed_costs",
            "origin": "PROD"
        }
    }
},
{
    "entityType": "dataJob",
    "entityUrn": "urn:li:dataJob:(urn:li:dataFlow:(airflow,bigquery_insert_job_operator,prod),select_with_destination_config)",
    "changeType": "UPSERT",
    "aspectName": "ownership",
    "aspect": {
        "json": {
            "owners": [
                {
                    "owner": "urn:li:corpuser:airflow",
                    "type": "DEVELOPER",
                    "source": {
                        "type": "SERVICE"
                    }
                }
            ],
            "ownerTypes": {},
            "lastModified": {
                "time": 0,
                "actor": "urn:li:corpuser:airflow"
            }
        }
    }
},
{
    "entityType": "dataJob",
    "entityUrn": "urn:li:dataJob:(urn:li:dataFlow:(airflow,bigquery_insert_job_operator,prod),select_with_destination_config)",
    "changeType": "UPSERT",
    "aspectName": "globalTags",
    "aspect": {
        "json": {
            "tags": []
        }
    }
},
{
    "entityType": "dataProcessInstance",
    "entityUrn": "urn:li:dataProcessInstance:c2b6bc237a75fe628ce6bf2c282b0e3c",
    "changeType": "UPSERT",
    "aspectName": "dataProcessInstanceRunEvent",
    "aspect": {
        "json": {
            "timestampMillis": 1760951336232,
            "partitionSpec": {
                "partition": "FULL_TABLE_SNAPSHOT",
                "type": "FULL_TABLE"
            },
            "status": "COMPLETE",
            "result": {
                "type": "SUCCESS",
                "nativeResultType": "airflow"
            }
        }
    }
}
]