[
{
    "entityType": "dataFlow",
    "entityUrn": "urn:li:dataFlow:(airflow,custom_operator_sql_parsing,prod)",
    "changeType": "UPSERT",
    "aspectName": "dataFlowInfo",
    "aspect": {
        "json": {
            "customProperties": {
                "_access_control": "None",
                "catchup": "False",
                "description": "None",
                "doc_md": "None",
                "fileloc": "<fileloc>",
                "is_paused_upon_creation": "None",
                "start_date": "DateTime(2023, 1, 1, 0, 0, 0, tzinfo=Timezone('UTC'))",
                "tags": "[]",
                "timezone": "Timezone('UTC')"
            },
            "externalUrl": "http://airflow.example.com/tree?dag_id=custom_operator_sql_parsing",
            "name": "custom_operator_sql_parsing",
            "env": "PROD"
        }
    }
},
{
    "entityType": "dataFlow",
    "entityUrn": "urn:li:dataFlow:(airflow,custom_operator_sql_parsing,prod)",
    "changeType": "UPSERT",
    "aspectName": "status",
    "aspect": {
        "json": {
            "removed": false
        }
    }
},
{
    "entityType": "dataFlow",
    "entityUrn": "urn:li:dataFlow:(airflow,custom_operator_sql_parsing,prod)",
    "changeType": "UPSERT",
    "aspectName": "ownership",
    "aspect": {
        "json": {
            "owners": [
                {
                    "owner": "urn:li:corpuser:airflow",
                    "type": "DEVELOPER",
                    "source": {
                        "type": "SERVICE"
                    }
                }
            ],
            "ownerTypes": {},
            "lastModified": {
                "time": 0,
                "actor": "urn:li:corpuser:airflow"
            }
        }
    }
},
{
    "entityType": "dataFlow",
    "entityUrn": "urn:li:dataFlow:(airflow,custom_operator_sql_parsing,prod)",
    "changeType": "UPSERT",
    "aspectName": "globalTags",
    "aspect": {
        "json": {
            "tags": []
        }
    }
},
{
    "entityType": "dataFlow",
    "entityUrn": "urn:li:dataFlow:(airflow,custom_operator_sql_parsing,prod)",
    "changeType": "UPSERT",
    "aspectName": "status",
    "aspect": {
        "json": {
            "removed": false
        }
    }
},
{
    "entityType": "dataJob",
    "entityUrn": "urn:li:dataJob:(urn:li:dataFlow:(airflow,custom_operator_sql_parsing,prod),transform_cost_table)",
    "changeType": "UPSERT",
    "aspectName": "status",
    "aspect": {
        "json": {
            "removed": false
        }
    }
},
{
    "entityType": "dataFlow",
    "entityUrn": "urn:li:dataFlow:(airflow,custom_operator_sql_parsing,prod)",
    "changeType": "UPSERT",
    "aspectName": "browsePathsV2",
    "aspect": {
        "json": {
            "path": [
                {
                    "id": "custom_operator_sql_parsing"
                }
            ]
        }
    }
},
{
    "entityType": "dataJob",
    "entityUrn": "urn:li:dataJob:(urn:li:dataFlow:(airflow,custom_operator_sql_parsing,prod),transform_cost_table)",
    "changeType": "UPSERT",
    "aspectName": "dataJobInfo",
    "aspect": {
        "json": {
            "customProperties": {
                "depends_on_past": "False",
                "email": "None",
                "label": "'transform_cost_table'",
                "execution_timeout": "None",
                "sla": "None",
                "task_id": "'transform_cost_table'",
                "trigger_rule": "<TriggerRule.ALL_SUCCESS: 'all_success'>",
                "wait_for_downstream": "False",
                "downstream_task_ids": "[]",
                "inlets": "[]",
                "outlets": "[]",
                "openlineage_run_facet_unknownSourceAttribute": "{\"_producer\": \"https://github.com/OpenLineage/OpenLineage/tree/1.25.0/integration/airflow\", \"_schemaURL\": \"https://openlineage.io/spec/2-0-2/OpenLineage.json#/$defs/BaseFacet\", \"unknownItems\": [{\"name\": \"CustomOperator\", \"properties\": {\"depends_on_past\": false, \"downstream_task_ids\": \"[]\", \"executor_config\": {}, \"ignore_first_depends_on_past\": true, \"mapped\": false, \"operator_class\": \"unusual_prefix_4e637e24cdc764538c4f2c50a69337d834414024_custom_operator_sql_parsing.CustomOperator\", \"owner\": \"airflow\", \"priority_weight\": 1, \"queue\": \"default\", \"retries\": 0, \"retry_exponential_backoff\": false, \"task_id\": \"transform_cost_table\", \"trigger_rule\": \"all_success\", \"upstream_task_ids\": \"[]\", \"wait_for_downstream\": false, \"weight_rule\": \"downstream\"}, \"type\": \"operator\"}]}"
            },
            "externalUrl": "http://airflow.example.com/taskinstance/list/?flt1_dag_id_equals=custom_operator_sql_parsing&_flt_3_task_id=transform_cost_table",
            "name": "transform_cost_table",
            "type": {
                "string": "COMMAND"
            },
            "env": "PROD"
        }
    }
},
{
    "entityType": "dataJob",
    "entityUrn": "urn:li:dataJob:(urn:li:dataFlow:(airflow,custom_operator_sql_parsing,prod),transform_cost_table)",
    "changeType": "UPSERT",
    "aspectName": "status",
    "aspect": {
        "json": {
            "removed": false
        }
    }
},
{
    "entityType": "dataJob",
    "entityUrn": "urn:li:dataJob:(urn:li:dataFlow:(airflow,custom_operator_sql_parsing,prod),transform_cost_table)",
    "changeType": "UPSERT",
    "aspectName": "dataJobInputOutput",
    "aspect": {
        "json": {
            "inputDatasets": [],
            "outputDatasets": [],
            "inputDatajobs": [],
            "fineGrainedLineages": []
        }
    }
},
{
    "entityType": "dataJob",
    "entityUrn": "urn:li:dataJob:(urn:li:dataFlow:(airflow,custom_operator_sql_parsing,prod),transform_cost_table)",
    "changeType": "UPSERT",
    "aspectName": "ownership",
    "aspect": {
        "json": {
            "owners": [
                {
                    "owner": "urn:li:corpuser:airflow",
                    "type": "DEVELOPER",
                    "source": {
                        "type": "SERVICE"
                    }
                }
            ],
            "ownerTypes": {},
            "lastModified": {
                "time": 0,
                "actor": "urn:li:corpuser:airflow"
            }
        }
    }
},
{
    "entityType": "dataJob",
    "entityUrn": "urn:li:dataJob:(urn:li:dataFlow:(airflow,custom_operator_sql_parsing,prod),transform_cost_table)",
    "changeType": "UPSERT",
    "aspectName": "globalTags",
    "aspect": {
        "json": {
            "tags": []
        }
    }
},
{
    "entityType": "dataProcessInstance",
    "entityUrn": "urn:li:dataProcessInstance:e9904feabede38cc4dc2bc74e51c6d77",
    "changeType": "UPSERT",
    "aspectName": "dataProcessInstanceProperties",
    "aspect": {
        "json": {
            "customProperties": {
                "run_id": "manual_run_test",
                "duration": "<duration>",
                "start_date": "<start_date>",
                "end_date": "<end_date>",
                "execution_date": "2023-09-27 21:34:38+00:00",
                "try_number": "0",
                "max_tries": "0",
                "external_executor_id": "None",
                "state": "running",
                "operator": "CustomOperator",
                "priority_weight": "1",
                "log_url": "http://airflow.example.com/log?execution_date=2023-09-27T21%3A34%3A38%2B00%3A00&task_id=transform_cost_table&dag_id=custom_operator_sql_parsing&map_index=-1",
                "orchestrator": "airflow",
                "dag_id": "custom_operator_sql_parsing",
                "task_id": "transform_cost_table"
            },
            "externalUrl": "http://airflow.example.com/log?execution_date=2023-09-27T21%3A34%3A38%2B00%3A00&task_id=transform_cost_table&dag_id=custom_operator_sql_parsing&map_index=-1",
            "name": "custom_operator_sql_parsing_transform_cost_table_manual_run_test",
            "type": "BATCH_AD_HOC",
            "created": {
                "time": 1743013337918,
                "actor": "urn:li:corpuser:datahub"
            }
        }
    }
},
{
    "entityType": "dataProcessInstance",
    "entityUrn": "urn:li:dataProcessInstance:e9904feabede38cc4dc2bc74e51c6d77",
    "changeType": "UPSERT",
    "aspectName": "dataProcessInstanceRelationships",
    "aspect": {
        "json": {
            "parentTemplate": "urn:li:dataJob:(urn:li:dataFlow:(airflow,custom_operator_sql_parsing,prod),transform_cost_table)",
            "upstreamInstances": []
        }
    }
},
{
    "entityType": "dataProcessInstance",
    "entityUrn": "urn:li:dataProcessInstance:e9904feabede38cc4dc2bc74e51c6d77",
    "changeType": "UPSERT",
    "aspectName": "dataProcessInstanceRunEvent",
    "aspect": {
        "json": {
            "timestampMillis": 1743013337918,
            "partitionSpec": {
                "partition": "FULL_TABLE_SNAPSHOT",
                "type": "FULL_TABLE"
            },
            "status": "STARTED",
            "attempt": 1
        }
    }
},
{
    "entityType": "dataJob",
    "entityUrn": "urn:li:dataJob:(urn:li:dataFlow:(airflow,custom_operator_sql_parsing,prod),transform_cost_table)",
    "changeType": "UPSERT",
    "aspectName": "dataJobInfo",
    "aspect": {
        "json": {
            "customProperties": {
                "depends_on_past": "False",
                "email": "None",
                "label": "'transform_cost_table'",
                "execution_timeout": "None",
                "sla": "None",
                "task_id": "'transform_cost_table'",
                "trigger_rule": "<TriggerRule.ALL_SUCCESS: 'all_success'>",
                "wait_for_downstream": "False",
                "downstream_task_ids": "[]",
                "inlets": "[Urn(_urn='urn:li:dataset:(urn:li:dataPlatform:athena,athena_db.default.my_input_table,PROD)')]",
                "outlets": "[Urn(_urn='urn:li:dataset:(urn:li:dataPlatform:athena,athena_db.default.my_output_table,PROD)')]",
                "openlineage_run_facet_unknownSourceAttribute": "{\"_producer\": \"https://github.com/OpenLineage/OpenLineage/tree/1.25.0/integration/airflow\", \"_schemaURL\": \"https://openlineage.io/spec/2-0-2/OpenLineage.json#/$defs/BaseFacet\", \"unknownItems\": [{\"name\": \"CustomOperator\", \"properties\": {\"depends_on_past\": false, \"downstream_task_ids\": \"[]\", \"executor_config\": {}, \"ignore_first_depends_on_past\": true, \"mapped\": false, \"operator_class\": \"unusual_prefix_4e637e24cdc764538c4f2c50a69337d834414024_custom_operator_sql_parsing.CustomOperator\", \"owner\": \"airflow\", \"priority_weight\": 1, \"queue\": \"default\", \"retries\": 0, \"retry_exponential_backoff\": false, \"task_id\": \"transform_cost_table\", \"trigger_rule\": \"all_success\", \"upstream_task_ids\": \"[]\", \"wait_for_downstream\": false, \"weight_rule\": \"downstream\"}, \"type\": \"operator\"}]}"
            },
            "externalUrl": "http://airflow.example.com/taskinstance/list/?flt1_dag_id_equals=custom_operator_sql_parsing&_flt_3_task_id=transform_cost_table",
            "name": "transform_cost_table",
            "type": {
                "string": "COMMAND"
            },
            "env": "PROD"
        }
    }
},
{
    "entityType": "dataJob",
    "entityUrn": "urn:li:dataJob:(urn:li:dataFlow:(airflow,custom_operator_sql_parsing,prod),transform_cost_table)",
    "changeType": "UPSERT",
    "aspectName": "status",
    "aspect": {
        "json": {
            "removed": false
        }
    }
},
{
    "entityType": "dataJob",
    "entityUrn": "urn:li:dataJob:(urn:li:dataFlow:(airflow,custom_operator_sql_parsing,prod),transform_cost_table)",
    "changeType": "UPSERT",
    "aspectName": "dataJobInputOutput",
    "aspect": {
        "json": {
            "inputDatasets": [
                "urn:li:dataset:(urn:li:dataPlatform:athena,athena_db.default.my_input_table,PROD)"
            ],
            "outputDatasets": [
                "urn:li:dataset:(urn:li:dataPlatform:athena,athena_db.default.my_output_table,PROD)"
            ],
            "inputDatajobs": [],
            "fineGrainedLineages": []
        }
    }
},
{
    "entityType": "dataset",
    "entityUrn": "urn:li:dataset:(urn:li:dataPlatform:athena,athena_db.default.my_input_table,PROD)",
    "changeType": "UPSERT",
    "aspectName": "datasetKey",
    "aspect": {
        "json": {
            "platform": "urn:li:dataPlatform:athena",
            "name": "athena_db.default.my_input_table",
            "origin": "PROD"
        }
    }
},
{
    "entityType": "dataset",
    "entityUrn": "urn:li:dataset:(urn:li:dataPlatform:athena,athena_db.default.my_output_table,PROD)",
    "changeType": "UPSERT",
    "aspectName": "datasetKey",
    "aspect": {
        "json": {
            "platform": "urn:li:dataPlatform:athena",
            "name": "athena_db.default.my_output_table",
            "origin": "PROD"
        }
    }
},
{
    "entityType": "dataJob",
    "entityUrn": "urn:li:dataJob:(urn:li:dataFlow:(airflow,custom_operator_sql_parsing,prod),transform_cost_table)",
    "changeType": "UPSERT",
    "aspectName": "ownership",
    "aspect": {
        "json": {
            "owners": [
                {
                    "owner": "urn:li:corpuser:airflow",
                    "type": "DEVELOPER",
                    "source": {
                        "type": "SERVICE"
                    }
                }
            ],
            "ownerTypes": {},
            "lastModified": {
                "time": 0,
                "actor": "urn:li:corpuser:airflow"
            }
        }
    }
},
{
    "entityType": "dataJob",
    "entityUrn": "urn:li:dataJob:(urn:li:dataFlow:(airflow,custom_operator_sql_parsing,prod),transform_cost_table)",
    "changeType": "UPSERT",
    "aspectName": "globalTags",
    "aspect": {
        "json": {
            "tags": []
        }
    }
},
{
    "entityType": "dataProcessInstance",
    "entityUrn": "urn:li:dataProcessInstance:e9904feabede38cc4dc2bc74e51c6d77",
    "changeType": "UPSERT",
    "aspectName": "dataProcessInstanceRunEvent",
    "aspect": {
        "json": {
            "timestampMillis": 1743013338106,
            "partitionSpec": {
                "partition": "FULL_TABLE_SNAPSHOT",
                "type": "FULL_TABLE"
            },
            "status": "COMPLETE",
            "result": {
                "type": "SUCCESS",
                "nativeResultType": "airflow"
            }
        }
    }
}
]