[
{
    "entityType": "dataFlow",
    "entityUrn": "urn:li:dataFlow:(airflow,myairflow.custom_operator_dag,prod)",
    "changeType": "UPSERT",
    "aspectName": "dataFlowInfo",
    "aspect": {
        "json": {
            "customProperties": {
                "_access_control": "None",
                "catchup": "False",
                "description": "'An example dag with custom operator'",
                "doc_md": "None",
                "fileloc": "<fileloc>",
                "is_paused_upon_creation": "None",
                "start_date": "None",
                "tags": "['example_tag']",
                "timezone": "Timezone('UTC')"
            },
            "externalUrl": "http://airflow.example.com/tree?dag_id=custom_operator_dag",
            "name": "custom_operator_dag",
            "description": "An example dag with custom operator",
            "env": "PROD"
        }
    }
},
{
    "entityType": "dataFlow",
    "entityUrn": "urn:li:dataFlow:(airflow,myairflow.custom_operator_dag,prod)",
    "changeType": "UPSERT",
    "aspectName": "status",
    "aspect": {
        "json": {
            "removed": false
        }
    }
},
{
    "entityType": "dataFlow",
    "entityUrn": "urn:li:dataFlow:(airflow,myairflow.custom_operator_dag,prod)",
    "changeType": "UPSERT",
    "aspectName": "ownership",
    "aspect": {
        "json": {
            "owners": [
                {
                    "owner": "urn:li:corpuser:airflow",
                    "type": "DEVELOPER",
                    "source": {
                        "type": "SERVICE"
                    }
                }
            ],
            "ownerTypes": {},
            "lastModified": {
                "time": 0,
                "actor": "urn:li:corpuser:airflow"
            }
        }
    }
},
{
    "entityType": "dataFlow",
    "entityUrn": "urn:li:dataFlow:(airflow,myairflow.custom_operator_dag,prod)",
    "changeType": "UPSERT",
    "aspectName": "globalTags",
    "aspect": {
        "json": {
            "tags": [
                {
                    "tag": "urn:li:tag:example_tag"
                }
            ]
        }
    }
},
{
    "entityType": "dataFlow",
    "entityUrn": "urn:li:dataFlow:(airflow,myairflow.custom_operator_dag,prod)",
    "changeType": "UPSERT",
    "aspectName": "status",
    "aspect": {
        "json": {
            "removed": false
        }
    }
},
{
    "entityType": "dataJob",
    "entityUrn": "urn:li:dataJob:(urn:li:dataFlow:(airflow,myairflow.custom_operator_dag,prod),custom_task_id)",
    "changeType": "UPSERT",
    "aspectName": "status",
    "aspect": {
        "json": {
            "removed": false
        }
    }
},
{
    "entityType": "tag",
    "entityUrn": "urn:li:tag:example_tag",
    "changeType": "UPSERT",
    "aspectName": "status",
    "aspect": {
        "json": {
            "removed": false
        }
    }
},
{
    "entityType": "dataFlow",
    "entityUrn": "urn:li:dataFlow:(airflow,myairflow.custom_operator_dag,prod)",
    "changeType": "UPSERT",
    "aspectName": "browsePathsV2",
    "aspect": {
        "json": {
            "path": [
                {
                    "id": "myairflow",
                    "urn": "urn:li:dataPlatformInstance:(urn:li:dataPlatform:airflow,myairflow)"
                },
                {
                    "id": "custom_operator_dag"
                }
            ]
        }
    }
},
{
    "entityType": "dataJob",
    "entityUrn": "urn:li:dataJob:(urn:li:dataFlow:(airflow,myairflow.custom_operator_dag,prod),custom_task_id)",
    "changeType": "UPSERT",
    "aspectName": "dataJobInfo",
    "aspect": {
        "json": {
            "customProperties": {
                "depends_on_past": "False",
                "email": "['jdoe@example.com']",
                "label": "'custom_task_id'",
                "execution_timeout": "datetime.timedelta(seconds=300)",
                "sla": "None",
                "task_id": "'custom_task_id'",
                "trigger_rule": "<TriggerRule.ALL_SUCCESS: 'all_success'>",
                "wait_for_downstream": "False",
                "downstream_task_ids": "[]",
                "inlets": "[]",
                "outlets": "[]",
                "openlineage_run_facet_unknownSourceAttribute": "{\"_producer\": \"https://github.com/OpenLineage/OpenLineage/tree/1.25.0/integration/airflow\", \"_schemaURL\": \"https://openlineage.io/spec/2-0-2/OpenLineage.json#/$defs/BaseFacet\", \"unknownItems\": [{\"name\": \"CustomOperator\", \"properties\": {\"depends_on_past\": false, \"downstream_task_ids\": \"[]\", \"execution_timeout\": \"<<non-serializable: timedelta>>\", \"executor_config\": {}, \"ignore_first_depends_on_past\": true, \"mapped\": false, \"operator_class\": \"unusual_prefix_1f20099dd609ff14138b83c1ac77b3351ba5bcb5_custom_operator_dag.CustomOperator\", \"owner\": \"airflow\", \"priority_weight\": 1, \"queue\": \"default\", \"retries\": 0, \"retry_exponential_backoff\": false, \"task_id\": \"custom_task_id\", \"trigger_rule\": \"all_success\", \"upstream_task_ids\": \"[]\", \"wait_for_downstream\": false, \"weight_rule\": \"downstream\"}, \"type\": \"operator\"}]}"
            },
            "externalUrl": "http://airflow.example.com/taskinstance/list/?flt1_dag_id_equals=custom_operator_dag&_flt_3_task_id=custom_task_id",
            "name": "custom_task_id",
            "type": {
                "string": "COMMAND"
            },
            "env": "PROD"
        }
    }
},
{
    "entityType": "dataJob",
    "entityUrn": "urn:li:dataJob:(urn:li:dataFlow:(airflow,myairflow.custom_operator_dag,prod),custom_task_id)",
    "changeType": "UPSERT",
    "aspectName": "status",
    "aspect": {
        "json": {
            "removed": false
        }
    }
},
{
    "entityType": "dataJob",
    "entityUrn": "urn:li:dataJob:(urn:li:dataFlow:(airflow,myairflow.custom_operator_dag,prod),custom_task_id)",
    "changeType": "UPSERT",
    "aspectName": "dataJobInputOutput",
    "aspect": {
        "json": {
            "inputDatasets": [],
            "outputDatasets": [],
            "inputDatajobs": [],
            "fineGrainedLineages": []
        }
    }
},
{
    "entityType": "dataJob",
    "entityUrn": "urn:li:dataJob:(urn:li:dataFlow:(airflow,myairflow.custom_operator_dag,prod),custom_task_id)",
    "changeType": "UPSERT",
    "aspectName": "ownership",
    "aspect": {
        "json": {
            "owners": [
                {
                    "owner": "urn:li:corpuser:airflow",
                    "type": "DEVELOPER",
                    "source": {
                        "type": "SERVICE"
                    }
                }
            ],
            "ownerTypes": {},
            "lastModified": {
                "time": 0,
                "actor": "urn:li:corpuser:airflow"
            }
        }
    }
},
{
    "entityType": "dataJob",
    "entityUrn": "urn:li:dataJob:(urn:li:dataFlow:(airflow,myairflow.custom_operator_dag,prod),custom_task_id)",
    "changeType": "UPSERT",
    "aspectName": "globalTags",
    "aspect": {
        "json": {
            "tags": [
                {
                    "tag": "urn:li:tag:example_tag"
                }
            ]
        }
    }
},
{
    "entityType": "dataProcessInstance",
    "entityUrn": "urn:li:dataProcessInstance:07a4aaeffa3875a24cccd1fec6fc7c8c",
    "changeType": "UPSERT",
    "aspectName": "dataProcessInstanceProperties",
    "aspect": {
        "json": {
            "customProperties": {
                "run_id": "manual_run_test",
                "duration": "<duration>",
                "start_date": "<start_date>",
                "end_date": "<end_date>",
                "execution_date": "2023-09-27 21:34:38+00:00",
                "try_number": "0",
                "max_tries": "0",
                "external_executor_id": "None",
                "state": "running",
                "operator": "CustomOperator",
                "priority_weight": "1",
                "log_url": "http://airflow.example.com/log?execution_date=2023-09-27T21%3A34%3A38%2B00%3A00&task_id=custom_task_id&dag_id=custom_operator_dag&map_index=-1",
                "orchestrator": "airflow",
                "dag_id": "custom_operator_dag",
                "task_id": "custom_task_id"
            },
            "externalUrl": "http://airflow.example.com/log?execution_date=2023-09-27T21%3A34%3A38%2B00%3A00&task_id=custom_task_id&dag_id=custom_operator_dag&map_index=-1",
            "name": "custom_operator_dag_custom_task_id_manual_run_test",
            "type": "BATCH_AD_HOC",
            "created": {
                "time": 1740760277080,
                "actor": "urn:li:corpuser:datahub"
            }
        }
    }
},
{
    "entityType": "dataProcessInstance",
    "entityUrn": "urn:li:dataProcessInstance:07a4aaeffa3875a24cccd1fec6fc7c8c",
    "changeType": "UPSERT",
    "aspectName": "dataProcessInstanceRelationships",
    "aspect": {
        "json": {
            "parentTemplate": "urn:li:dataJob:(urn:li:dataFlow:(airflow,myairflow.custom_operator_dag,prod),custom_task_id)",
            "upstreamInstances": []
        }
    }
},
{
    "entityType": "dataProcessInstance",
    "entityUrn": "urn:li:dataProcessInstance:07a4aaeffa3875a24cccd1fec6fc7c8c",
    "changeType": "UPSERT",
    "aspectName": "dataProcessInstanceRunEvent",
    "aspect": {
        "json": {
            "timestampMillis": 1740760277080,
            "partitionSpec": {
                "partition": "FULL_TABLE_SNAPSHOT",
                "type": "FULL_TABLE"
            },
            "status": "STARTED",
            "attempt": 1
        }
    }
},
{
    "entityType": "dataJob",
    "entityUrn": "urn:li:dataJob:(urn:li:dataFlow:(airflow,myairflow.custom_operator_dag,prod),custom_task_id)",
    "changeType": "UPSERT",
    "aspectName": "dataJobInfo",
    "aspect": {
        "json": {
            "customProperties": {
                "depends_on_past": "False",
                "email": "['jdoe@example.com']",
                "label": "'custom_task_id'",
                "execution_timeout": "datetime.timedelta(seconds=300)",
                "sla": "None",
                "task_id": "'custom_task_id'",
                "trigger_rule": "<TriggerRule.ALL_SUCCESS: 'all_success'>",
                "wait_for_downstream": "False",
                "downstream_task_ids": "[]",
                "inlets": "[Dataset(platform='snowflake', name='mydb.schema.tableA', env='PROD', platform_instance=None), Dataset(platform='snowflake', name='mydb.schema.tableB', env='PROD', platform_instance=None)]",
                "outlets": "[Dataset(platform='snowflake', name='mydb.schema.tableD', env='PROD', platform_instance=None)]",
                "openlineage_run_facet_unknownSourceAttribute": "{\"_producer\": \"https://github.com/OpenLineage/OpenLineage/tree/1.25.0/integration/airflow\", \"_schemaURL\": \"https://openlineage.io/spec/2-0-2/OpenLineage.json#/$defs/BaseFacet\", \"unknownItems\": [{\"name\": \"CustomOperator\", \"properties\": {\"depends_on_past\": false, \"downstream_task_ids\": \"[]\", \"execution_timeout\": \"<<non-serializable: timedelta>>\", \"executor_config\": {}, \"ignore_first_depends_on_past\": true, \"mapped\": false, \"operator_class\": \"unusual_prefix_1f20099dd609ff14138b83c1ac77b3351ba5bcb5_custom_operator_dag.CustomOperator\", \"owner\": \"airflow\", \"priority_weight\": 1, \"queue\": \"default\", \"retries\": 0, \"retry_exponential_backoff\": false, \"task_id\": \"custom_task_id\", \"trigger_rule\": \"all_success\", \"upstream_task_ids\": \"[]\", \"wait_for_downstream\": false, \"weight_rule\": \"downstream\"}, \"type\": \"operator\"}]}"
            },
            "externalUrl": "http://airflow.example.com/taskinstance/list/?flt1_dag_id_equals=custom_operator_dag&_flt_3_task_id=custom_task_id",
            "name": "custom_task_id",
            "type": {
                "string": "COMMAND"
            },
            "env": "PROD"
        }
    }
},
{
    "entityType": "dataJob",
    "entityUrn": "urn:li:dataJob:(urn:li:dataFlow:(airflow,myairflow.custom_operator_dag,prod),custom_task_id)",
    "changeType": "UPSERT",
    "aspectName": "status",
    "aspect": {
        "json": {
            "removed": false
        }
    }
},
{
    "entityType": "dataJob",
    "entityUrn": "urn:li:dataJob:(urn:li:dataFlow:(airflow,myairflow.custom_operator_dag,prod),custom_task_id)",
    "changeType": "UPSERT",
    "aspectName": "dataJobInputOutput",
    "aspect": {
        "json": {
            "inputDatasets": [
                "urn:li:dataset:(urn:li:dataPlatform:snowflake,mydb.schema.tableA,PROD)",
                "urn:li:dataset:(urn:li:dataPlatform:snowflake,mydb.schema.tableB,PROD)"
            ],
            "outputDatasets": [
                "urn:li:dataset:(urn:li:dataPlatform:snowflake,mydb.schema.tableD,PROD)"
            ],
            "inputDatajobs": [],
            "fineGrainedLineages": []
        }
    }
},
{
    "entityType": "dataset",
    "entityUrn": "urn:li:dataset:(urn:li:dataPlatform:snowflake,mydb.schema.tableA,PROD)",
    "changeType": "UPSERT",
    "aspectName": "datasetKey",
    "aspect": {
        "json": {
            "platform": "urn:li:dataPlatform:snowflake",
            "name": "mydb.schema.tableA",
            "origin": "PROD"
        }
    }
},
{
    "entityType": "dataset",
    "entityUrn": "urn:li:dataset:(urn:li:dataPlatform:snowflake,mydb.schema.tableB,PROD)",
    "changeType": "UPSERT",
    "aspectName": "datasetKey",
    "aspect": {
        "json": {
            "platform": "urn:li:dataPlatform:snowflake",
            "name": "mydb.schema.tableB",
            "origin": "PROD"
        }
    }
},
{
    "entityType": "dataset",
    "entityUrn": "urn:li:dataset:(urn:li:dataPlatform:snowflake,mydb.schema.tableD,PROD)",
    "changeType": "UPSERT",
    "aspectName": "datasetKey",
    "aspect": {
        "json": {
            "platform": "urn:li:dataPlatform:snowflake",
            "name": "mydb.schema.tableD",
            "origin": "PROD"
        }
    }
},
{
    "entityType": "dataJob",
    "entityUrn": "urn:li:dataJob:(urn:li:dataFlow:(airflow,myairflow.custom_operator_dag,prod),custom_task_id)",
    "changeType": "UPSERT",
    "aspectName": "ownership",
    "aspect": {
        "json": {
            "owners": [
                {
                    "owner": "urn:li:corpuser:airflow",
                    "type": "DEVELOPER",
                    "source": {
                        "type": "SERVICE"
                    }
                }
            ],
            "ownerTypes": {},
            "lastModified": {
                "time": 0,
                "actor": "urn:li:corpuser:airflow"
            }
        }
    }
},
{
    "entityType": "dataJob",
    "entityUrn": "urn:li:dataJob:(urn:li:dataFlow:(airflow,myairflow.custom_operator_dag,prod),custom_task_id)",
    "changeType": "UPSERT",
    "aspectName": "globalTags",
    "aspect": {
        "json": {
            "tags": [
                {
                    "tag": "urn:li:tag:example_tag"
                }
            ]
        }
    }
},
{
    "entityType": "dataProcessInstance",
    "entityUrn": "urn:li:dataProcessInstance:07a4aaeffa3875a24cccd1fec6fc7c8c",
    "changeType": "UPSERT",
    "aspectName": "dataProcessInstanceRunEvent",
    "aspect": {
        "json": {
            "timestampMillis": 1740760277371,
            "partitionSpec": {
                "partition": "FULL_TABLE_SNAPSHOT",
                "type": "FULL_TABLE"
            },
            "status": "COMPLETE",
            "result": {
                "type": "SUCCESS",
                "nativeResultType": "airflow"
            }
        }
    }
}
]