[
{
    "entityType": "dataFlow",
    "entityUrn": "urn:li:dataFlow:(airflow,datahub_emitter_operator_jinja_template_dag,prod)",
    "changeType": "UPSERT",
    "aspectName": "dataFlowInfo",
    "aspect": {
        "json": {
            "customProperties": {
                "catchup": "false",
                "description": "An example dag with jinja template",
                "doc_md": "",
                "fileloc": "<fileloc>",
                "is_paused_upon_creation": "",
                "start_date": "2023-01-01T00:00:00+00:00",
                "tags": "[\"example_tag\"]",
                "timezone": "UTC"
            },
            "externalUrl": "http://airflow.example.com/tree?dag_id=datahub_emitter_operator_jinja_template_dag",
            "name": "datahub_emitter_operator_jinja_template_dag",
            "description": "An example dag with jinja template",
            "env": "PROD"
        }
    }
},
{
    "entityType": "dataFlow",
    "entityUrn": "urn:li:dataFlow:(airflow,datahub_emitter_operator_jinja_template_dag,prod)",
    "changeType": "UPSERT",
    "aspectName": "status",
    "aspect": {
        "json": {
            "removed": false
        }
    }
},
{
    "entityType": "dataFlow",
    "entityUrn": "urn:li:dataFlow:(airflow,datahub_emitter_operator_jinja_template_dag,prod)",
    "changeType": "UPSERT",
    "aspectName": "ownership",
    "aspect": {
        "json": {
            "owners": [
                {
                    "owner": "urn:li:corpuser:airflow",
                    "type": "DEVELOPER",
                    "source": {
                        "type": "SERVICE"
                    }
                }
            ],
            "ownerTypes": {},
            "lastModified": {
                "time": 0,
                "actor": "urn:li:corpuser:airflow"
            }
        }
    }
},
{
    "entityType": "dataFlow",
    "entityUrn": "urn:li:dataFlow:(airflow,datahub_emitter_operator_jinja_template_dag,prod)",
    "changeType": "UPSERT",
    "aspectName": "globalTags",
    "aspect": {
        "json": {
            "tags": [
                {
                    "tag": "urn:li:tag:example_tag"
                }
            ]
        }
    }
},
{
    "entityType": "dataFlow",
    "entityUrn": "urn:li:dataFlow:(airflow,datahub_emitter_operator_jinja_template_dag,prod)",
    "changeType": "UPSERT",
    "aspectName": "status",
    "aspect": {
        "json": {
            "removed": false
        }
    }
},
{
    "entityType": "dataJob",
    "entityUrn": "urn:li:dataJob:(urn:li:dataFlow:(airflow,datahub_emitter_operator_jinja_template_dag,prod),datahub_emitter_operator_jinja_template_dag_task)",
    "changeType": "UPSERT",
    "aspectName": "status",
    "aspect": {
        "json": {
            "removed": false
        }
    }
},
{
    "entityType": "tag",
    "entityUrn": "urn:li:tag:example_tag",
    "changeType": "UPSERT",
    "aspectName": "status",
    "aspect": {
        "json": {
            "removed": false
        }
    }
},
{
    "entityType": "dataFlow",
    "entityUrn": "urn:li:dataFlow:(airflow,datahub_emitter_operator_jinja_template_dag,prod)",
    "changeType": "UPSERT",
    "aspectName": "browsePathsV2",
    "aspect": {
        "json": {
            "path": [
                {
                    "id": "datahub_emitter_operator_jinja_template_dag"
                }
            ]
        }
    }
},
{
    "entityType": "dataJob",
    "entityUrn": "urn:li:dataJob:(urn:li:dataFlow:(airflow,datahub_emitter_operator_jinja_template_dag,prod),datahub_emitter_operator_jinja_template_dag_task)",
    "changeType": "UPSERT",
    "aspectName": "dataJobInfo",
    "aspect": {
        "json": {
            "customProperties": {
                "depends_on_past": "False",
                "email": "['jdoe@example.com']",
                "label": "'datahub_emitter_operator_jinja_template_dag_task'",
                "execution_timeout": "datetime.timedelta(seconds=300)",
                "task_id": "'datahub_emitter_operator_jinja_template_dag_task'",
                "trigger_rule": "<TriggerRule.ALL_SUCCESS: 'all_success'>",
                "wait_for_downstream": "False",
                "downstream_task_ids": "[]",
                "inlets": "[]",
                "outlets": "[]"
            },
            "externalUrl": "http://airflow.example.com/taskinstance/list/?flt1_dag_id_equals=datahub_emitter_operator_jinja_template_dag&_flt_3_task_id=datahub_emitter_operator_jinja_template_dag_task",
            "name": "datahub_emitter_operator_jinja_template_dag_task",
            "type": {
                "string": "COMMAND"
            },
            "env": "PROD"
        }
    }
},
{
    "entityType": "dataJob",
    "entityUrn": "urn:li:dataJob:(urn:li:dataFlow:(airflow,datahub_emitter_operator_jinja_template_dag,prod),datahub_emitter_operator_jinja_template_dag_task)",
    "changeType": "UPSERT",
    "aspectName": "status",
    "aspect": {
        "json": {
            "removed": false
        }
    }
},
{
    "entityType": "dataJob",
    "entityUrn": "urn:li:dataJob:(urn:li:dataFlow:(airflow,datahub_emitter_operator_jinja_template_dag,prod),datahub_emitter_operator_jinja_template_dag_task)",
    "changeType": "UPSERT",
    "aspectName": "dataJobInputOutput",
    "aspect": {
        "json": {
            "inputDatasets": [],
            "outputDatasets": [],
            "inputDatajobs": [],
            "fineGrainedLineages": []
        }
    }
},
{
    "entityType": "dataJob",
    "entityUrn": "urn:li:dataJob:(urn:li:dataFlow:(airflow,datahub_emitter_operator_jinja_template_dag,prod),datahub_emitter_operator_jinja_template_dag_task)",
    "changeType": "UPSERT",
    "aspectName": "ownership",
    "aspect": {
        "json": {
            "owners": [
                {
                    "owner": "urn:li:corpuser:airflow",
                    "type": "DEVELOPER",
                    "source": {
                        "type": "SERVICE"
                    }
                }
            ],
            "ownerTypes": {},
            "lastModified": {
                "time": 0,
                "actor": "urn:li:corpuser:airflow"
            }
        }
    }
},
{
    "entityType": "dataJob",
    "entityUrn": "urn:li:dataJob:(urn:li:dataFlow:(airflow,datahub_emitter_operator_jinja_template_dag,prod),datahub_emitter_operator_jinja_template_dag_task)",
    "changeType": "UPSERT",
    "aspectName": "globalTags",
    "aspect": {
        "json": {
            "tags": [
                {
                    "tag": "urn:li:tag:example_tag"
                }
            ]
        }
    }
},
{
    "entityType": "dataProcessInstance",
    "entityUrn": "urn:li:dataProcessInstance:c3af9aae54b864f2542b99a50e0402e3",
    "changeType": "UPSERT",
    "aspectName": "dataProcessInstanceProperties",
    "aspect": {
        "json": {
            "customProperties": {
                "run_id": "manual_run_test",
                "start_date": "<start_date>",
                "try_number": "0",
                "state": "TaskInstanceState.RUNNING",
                "task_id": "datahub_emitter_operator_jinja_template_dag_task",
                "dag_id": "datahub_emitter_operator_jinja_template_dag",
                "end_date": "<end_date>",
                "max_tries": "0",
                "operator": "DatahubEmitterOperator",
                "log_url": "http://airflow.example.com/dags/datahub_emitter_operator_jinja_template_dag/runs/manual_run_test/tasks/datahub_emitter_operator_jinja_template_dag_task?try_number=1",
                "orchestrator": "airflow"
            },
            "externalUrl": "http://airflow.example.com/dags/datahub_emitter_operator_jinja_template_dag/runs/manual_run_test/tasks/datahub_emitter_operator_jinja_template_dag_task?try_number=1",
            "name": "datahub_emitter_operator_jinja_template_dag_datahub_emitter_operator_jinja_template_dag_task_manual_run_test",
            "type": "BATCH_AD_HOC",
            "created": {
                "time": 1760951257948,
                "actor": "urn:li:corpuser:datahub"
            }
        }
    }
},
{
    "entityType": "dataProcessInstance",
    "entityUrn": "urn:li:dataProcessInstance:c3af9aae54b864f2542b99a50e0402e3",
    "changeType": "UPSERT",
    "aspectName": "dataProcessInstanceRelationships",
    "aspect": {
        "json": {
            "parentTemplate": "urn:li:dataJob:(urn:li:dataFlow:(airflow,datahub_emitter_operator_jinja_template_dag,prod),datahub_emitter_operator_jinja_template_dag_task)",
            "upstreamInstances": []
        }
    }
},
{
    "entityType": "dataProcessInstance",
    "entityUrn": "urn:li:dataProcessInstance:c3af9aae54b864f2542b99a50e0402e3",
    "changeType": "UPSERT",
    "aspectName": "dataProcessInstanceRunEvent",
    "aspect": {
        "json": {
            "timestampMillis": 1760951257948,
            "partitionSpec": {
                "partition": "FULL_TABLE_SNAPSHOT",
                "type": "FULL_TABLE"
            },
            "status": "STARTED",
            "attempt": 1
        }
    }
},
{
    "entityType": "dataset",
    "entityUrn": "urn:li:dataset:(urn:li:dataPlatform:hive,datahub.example.mcpw_example,DEV)",
    "changeType": "UPSERT",
    "aspectName": "browsePathsV2",
    "aspect": {
        "json": {
            "path": [
                {
                    "id": "mcpw_example 2023-09-27"
                }
            ]
        }
    }
},
{
    "entityType": "dataset",
    "entityUrn": "urn:li:dataset:(urn:li:dataPlatform:hive,datahub.example.mcpw_example_20230927T213438,DEV)",
    "changeType": "UPSERT",
    "aspectName": "browsePathsV2",
    "aspect": {
        "json": {
            "path": [
                {
                    "id": "mcpw_example 2023-09-27"
                }
            ]
        }
    }
},
{
    "proposedSnapshot": {
        "com.linkedin.pegasus2avro.metadata.snapshot.DatasetSnapshot": {
            "urn": "urn:li:dataset:(urn:li:dataPlatform:hive,datahub.example.lineage_example,DEV)",
            "aspects": [
                {
                    "com.linkedin.pegasus2avro.dataset.DatasetProperties": {
                        "customProperties": {
                            "jinjaTemplate": "2023-09-27"
                        },
                        "tags": []
                    }
                }
            ]
        }
    }
},
{
    "proposedSnapshot": {
        "com.linkedin.pegasus2avro.metadata.snapshot.DatasetSnapshot": {
            "urn": "urn:li:dataset:(urn:li:dataPlatform:hive,datahub.example.lineage_example_20230927T213438,DEV)",
            "aspects": [
                {
                    "com.linkedin.pegasus2avro.dataset.DatasetProperties": {
                        "customProperties": {
                            "jinjaTemplate": "2023-09-27"
                        },
                        "tags": []
                    }
                }
            ]
        }
    }
},
{
    "entityType": "dataJob",
    "entityUrn": "urn:li:dataJob:(urn:li:dataFlow:(airflow,datahub_emitter_operator_jinja_template_dag,prod),datahub_emitter_operator_jinja_template_dag_task)",
    "changeType": "UPSERT",
    "aspectName": "dataJobInfo",
    "aspect": {
        "json": {
            "customProperties": {
                "depends_on_past": "False",
                "email": "['jdoe@example.com']",
                "label": "'datahub_emitter_operator_jinja_template_dag_task'",
                "execution_timeout": "datetime.timedelta(seconds=300)",
                "task_id": "'datahub_emitter_operator_jinja_template_dag_task'",
                "trigger_rule": "<TriggerRule.ALL_SUCCESS: 'all_success'>",
                "wait_for_downstream": "False",
                "downstream_task_ids": "[]",
                "inlets": "[]",
                "outlets": "[]"
            },
            "externalUrl": "http://airflow.example.com/taskinstance/list/?flt1_dag_id_equals=datahub_emitter_operator_jinja_template_dag&_flt_3_task_id=datahub_emitter_operator_jinja_template_dag_task",
            "name": "datahub_emitter_operator_jinja_template_dag_task",
            "type": {
                "string": "COMMAND"
            },
            "env": "PROD"
        }
    }
},
{
    "entityType": "dataJob",
    "entityUrn": "urn:li:dataJob:(urn:li:dataFlow:(airflow,datahub_emitter_operator_jinja_template_dag,prod),datahub_emitter_operator_jinja_template_dag_task)",
    "changeType": "UPSERT",
    "aspectName": "status",
    "aspect": {
        "json": {
            "removed": false
        }
    }
},
{
    "entityType": "dataJob",
    "entityUrn": "urn:li:dataJob:(urn:li:dataFlow:(airflow,datahub_emitter_operator_jinja_template_dag,prod),datahub_emitter_operator_jinja_template_dag_task)",
    "changeType": "UPSERT",
    "aspectName": "dataJobInputOutput",
    "aspect": {
        "json": {
            "inputDatasets": [],
            "outputDatasets": [],
            "inputDatajobs": [],
            "fineGrainedLineages": []
        }
    }
},
{
    "entityType": "dataJob",
    "entityUrn": "urn:li:dataJob:(urn:li:dataFlow:(airflow,datahub_emitter_operator_jinja_template_dag,prod),datahub_emitter_operator_jinja_template_dag_task)",
    "changeType": "UPSERT",
    "aspectName": "ownership",
    "aspect": {
        "json": {
            "owners": [
                {
                    "owner": "urn:li:corpuser:airflow",
                    "type": "DEVELOPER",
                    "source": {
                        "type": "SERVICE"
                    }
                }
            ],
            "ownerTypes": {},
            "lastModified": {
                "time": 0,
                "actor": "urn:li:corpuser:airflow"
            }
        }
    }
},
{
    "entityType": "dataJob",
    "entityUrn": "urn:li:dataJob:(urn:li:dataFlow:(airflow,datahub_emitter_operator_jinja_template_dag,prod),datahub_emitter_operator_jinja_template_dag_task)",
    "changeType": "UPSERT",
    "aspectName": "globalTags",
    "aspect": {
        "json": {
            "tags": [
                {
                    "tag": "urn:li:tag:example_tag"
                }
            ]
        }
    }
},
{
    "entityType": "dataProcessInstance",
    "entityUrn": "urn:li:dataProcessInstance:c3af9aae54b864f2542b99a50e0402e3",
    "changeType": "UPSERT",
    "aspectName": "dataProcessInstanceRunEvent",
    "aspect": {
        "json": {
            "timestampMillis": 1760951261187,
            "partitionSpec": {
                "partition": "FULL_TABLE_SNAPSHOT",
                "type": "FULL_TABLE"
            },
            "status": "COMPLETE",
            "result": {
                "type": "SUCCESS",
                "nativeResultType": "airflow"
            }
        }
    }
}
]