{
    "query_type": "SELECT",
    "query_type_props": {},
    "query_fingerprint": "9fd825981276bd1604efd2f277e6990b5415079d24adb8ac8f566a3fb350a091",
    "in_tables": [
        "urn:li:dataset:(urn:li:dataPlatform:bigquery,bq-proj.dataset.table_yyyymmdd,PROD)"
    ],
    "out_tables": [],
    "column_lineage": [
        {
            "downstream": {
                "table": null,
                "column": "col1",
                "column_type": {
                    "type": {
                        "com.linkedin.pegasus2avro.schema.StringType": {}
                    }
                },
                "native_column_type": "STRING"
            },
            "upstreams": [
                {
                    "table": "urn:li:dataset:(urn:li:dataPlatform:bigquery,bq-proj.dataset.table_yyyymmdd,PROD)",
                    "column": "col1"
                }
            ],
            "logic": {
                "is_direct_copy": true,
                "column_logic": "`table_20230101`.`col1` AS `col1`"
            }
        },
        {
            "downstream": {
                "table": null,
                "column": "col2",
                "column_type": {
                    "type": {
                        "com.linkedin.pegasus2avro.schema.StringType": {}
                    }
                },
                "native_column_type": "STRING"
            },
            "upstreams": [
                {
                    "table": "urn:li:dataset:(urn:li:dataPlatform:bigquery,bq-proj.dataset.table_yyyymmdd,PROD)",
                    "column": "col2"
                }
            ],
            "logic": {
                "is_direct_copy": true,
                "column_logic": "`table_20230101`.`col2` AS `col2`"
            }
        }
    ],
    "joins": [],
    "debug_info": {
        "confidence": 0.9,
        "generalized_statement": "SELECT * FROM `bq-proj.dataset.table_20230101`"
    }
}