{
    "query_type": "SELECT",
    "query_type_props": {},
    "query_fingerprint": "8829a82b034a08ebbac7ce5019e2537bc220cc3904bb81159085e7430a39408f",
    "in_tables": [
        "urn:li:dataset:(urn:li:dataPlatform:snowflake,snowflake_sample_data.tpch_sf10.orders,PROD)",
        "urn:li:dataset:(urn:li:dataPlatform:snowflake,snowflake_sample_data.tpch_sf100.orders,PROD)"
    ],
    "out_tables": [],
    "column_lineage": [
        {
            "downstream": {
                "table": null,
                "column": "label",
                "column_type": {
                    "type": {
                        "com.linkedin.pegasus2avro.schema.StringType": {}
                    }
                },
                "native_column_type": "VARCHAR"
            },
            "upstreams": [],
            "logic": {
                "is_direct_copy": false,
                "column_logic": "'orders_10' AS \"LABEL\""
            }
        },
        {
            "downstream": {
                "table": null,
                "column": "total_agg",
                "column_type": {
                    "type": {
                        "com.linkedin.pegasus2avro.schema.NumberType": {}
                    }
                },
                "native_column_type": "DOUBLE"
            },
            "upstreams": [
                {
                    "table": "urn:li:dataset:(urn:li:dataPlatform:snowflake,snowflake_sample_data.tpch_sf10.orders,PROD)",
                    "column": "totalprice"
                },
                {
                    "table": "urn:li:dataset:(urn:li:dataPlatform:snowflake,snowflake_sample_data.tpch_sf100.orders,PROD)",
                    "column": "totalprice"
                }
            ],
            "logic": {
                "is_direct_copy": false,
                "column_logic": "SUM(\"ORDERS\".\"TOTALPRICE\") AS \"TOTAL_AGG\""
            }
        }
    ],
    "joins": [],
    "debug_info": {
        "confidence": 0.9,
        "generalized_statement": "SELECT ? AS label, SUM(totalprice) AS total_agg FROM snowflake_sample_data.tpch_sf10.orders UNION ALL SELECT ? AS label, SUM(totalprice) AS total_agg FROM snowflake_sample_data.tpch_sf100.orders"
    }
}