{
    "query_type": "UPDATE",
    "query_type_props": {},
    "query_fingerprint": "07c0bfecc799fac2e1e9bdbd29cc33688c797b4baaa54724555eacfce2e2bf57",
    "in_tables": [
        "urn:li:dataset:(urn:li:dataPlatform:snowflake,snowflake_sample_data.tpch_sf1.orders,PROD)"
    ],
    "out_tables": [
        "urn:li:dataset:(urn:li:dataPlatform:snowflake,snowflake_sample_data.tpch_sf1.orders,PROD)"
    ],
    "column_lineage": [
        {
            "downstream": {
                "table": "urn:li:dataset:(urn:li:dataPlatform:snowflake,snowflake_sample_data.tpch_sf1.orders,PROD)",
                "column": "orderkey",
                "column_type": {
                    "type": {
                        "com.linkedin.pegasus2avro.schema.NumberType": {}
                    }
                },
                "native_column_type": "DECIMAL"
            },
            "upstreams": [
                {
                    "table": "urn:li:dataset:(urn:li:dataPlatform:snowflake,snowflake_sample_data.tpch_sf1.orders,PROD)",
                    "column": "orderkey"
                }
            ],
            "logic": {
                "is_direct_copy": false,
                "column_logic": "\"ORDERS\".\"ORDERKEY\" + 1 AS \"ORDERKEY\""
            }
        }
    ],
    "joins": [],
    "debug_info": {
        "confidence": 0.9,
        "generalized_statement": "UPDATE snowflake_sample_data.tpch_sf1.orders SET orderkey = orderkey + ?"
    }
}