{
    "query_type": "CREATE_VIEW",
    "query_type_props": {
        "kind": "VIEW"
    },
    "query_fingerprint": "53c10f64d18f777d45e6d13b9eab03957db1ac3a353db30c672965180035de8d",
    "in_tables": [
        "urn:li:dataset:(urn:li:dataPlatform:bigquery,my-project2.my-dataset2.test_physical_table,PROD)"
    ],
    "out_tables": [
        "urn:li:dataset:(urn:li:dataPlatform:bigquery,my-project.my-dataset.test_table,PROD)"
    ],
    "column_lineage": [
        {
            "downstream": {
                "table": "urn:li:dataset:(urn:li:dataPlatform:bigquery,my-project.my-dataset.test_table,PROD)",
                "column": "col1",
                "column_type": {
                    "type": {
                        "com.linkedin.pegasus2avro.schema.StringType": {}
                    }
                },
                "native_column_type": "STRING"
            },
            "upstreams": [
                {
                    "table": "urn:li:dataset:(urn:li:dataPlatform:bigquery,my-project2.my-dataset2.test_physical_table,PROD)",
                    "column": "col1"
                }
            ],
            "logic": {
                "is_direct_copy": true,
                "column_logic": "`test_physical_table`.`col1` AS `col1`"
            }
        },
        {
            "downstream": {
                "table": "urn:li:dataset:(urn:li:dataPlatform:bigquery,my-project.my-dataset.test_table,PROD)",
                "column": "col2",
                "column_type": {
                    "type": {
                        "com.linkedin.pegasus2avro.schema.StringType": {}
                    }
                },
                "native_column_type": "STRING"
            },
            "upstreams": [
                {
                    "table": "urn:li:dataset:(urn:li:dataPlatform:bigquery,my-project2.my-dataset2.test_physical_table,PROD)",
                    "column": "col2"
                }
            ],
            "logic": {
                "is_direct_copy": true,
                "column_logic": "`test_physical_table`.`col2` AS `col2`"
            }
        },
        {
            "downstream": {
                "table": "urn:li:dataset:(urn:li:dataPlatform:bigquery,my-project.my-dataset.test_table,PROD)",
                "column": "something",
                "column_type": {
                    "type": {
                        "com.linkedin.pegasus2avro.schema.StringType": {}
                    }
                },
                "native_column_type": "STRING"
            },
            "upstreams": [
                {
                    "table": "urn:li:dataset:(urn:li:dataPlatform:bigquery,my-project2.my-dataset2.test_physical_table,PROD)",
                    "column": "something"
                }
            ],
            "logic": {
                "is_direct_copy": false,
                "column_logic": "LOWER(`test_physical_table`.`something`) AS `something`"
            }
        }
    ],
    "joins": [],
    "debug_info": {
        "confidence": 0.35,
        "generalized_statement": "CREATE VIEW `my-project.my-dataset.test_table` AS SELECT * REPLACE (LOWER(something) AS something) FROM `my-project2.my-dataset2.test_physical_table`"
    }
}