{
    "query_type": "CREATE_TABLE_AS_SELECT",
    "query_type_props": {
        "kind": "TABLE"
    },
    "query_fingerprint": "4950101f5207463ec1e8637ea686b65823d23f4c4d0682bc0ae560b9abbf82fe",
    "in_tables": [
        "urn:li:dataset:(urn:li:dataPlatform:teradata,myteradata.demo_user.pima_patient_diagnoses,PROD)",
        "urn:li:dataset:(urn:li:dataPlatform:teradata,myteradata.demo_user.pima_patient_features,PROD)"
    ],
    "out_tables": [
        "urn:li:dataset:(urn:li:dataPlatform:teradata,myteradata.demo_user.test_lineage2,PROD)"
    ],
    "column_lineage": [
        {
            "downstream": {
                "table": "urn:li:dataset:(urn:li:dataPlatform:teradata,myteradata.demo_user.test_lineage2,PROD)",
                "column": "PatientId",
                "column_type": null,
                "native_column_type": "INTEGER()"
            },
            "upstreams": [
                {
                    "table": "urn:li:dataset:(urn:li:dataPlatform:teradata,myteradata.demo_user.pima_patient_diagnoses,PROD)",
                    "column": "PatientId"
                }
            ],
            "logic": {
                "is_direct_copy": true,
                "column_logic": "\"ppd\".\"patientid\" AS \"patientid\""
            }
        },
        {
            "downstream": {
                "table": "urn:li:dataset:(urn:li:dataPlatform:teradata,myteradata.demo_user.test_lineage2,PROD)",
                "column": "BMI",
                "column_type": null,
                "native_column_type": "FLOAT()"
            },
            "upstreams": [
                {
                    "table": "urn:li:dataset:(urn:li:dataPlatform:teradata,myteradata.demo_user.pima_patient_features,PROD)",
                    "column": "BMI"
                }
            ],
            "logic": {
                "is_direct_copy": true,
                "column_logic": "\"ppf\".\"bmi\" AS \"bmi\""
            }
        }
    ],
    "joins": [
        {
            "join_type": "JOIN",
            "left_tables": [
                "urn:li:dataset:(urn:li:dataPlatform:teradata,myteradata.demo_user.pima_patient_features,PROD)"
            ],
            "right_tables": [
                "urn:li:dataset:(urn:li:dataPlatform:teradata,myteradata.demo_user.pima_patient_diagnoses,PROD)"
            ],
            "on_clause": "\"ppd\".\"patientid\" = \"ppf\".\"patientid\"",
            "columns_involved": [
                {
                    "table": "urn:li:dataset:(urn:li:dataPlatform:teradata,myteradata.demo_user.pima_patient_diagnoses,PROD)",
                    "column": "patientid"
                },
                {
                    "table": "urn:li:dataset:(urn:li:dataPlatform:teradata,myteradata.demo_user.pima_patient_features,PROD)",
                    "column": "patientid"
                }
            ]
        }
    ],
    "debug_info": {
        "confidence": 0.9,
        "generalized_statement": "CREATE TABLE demo_user.test_lineage2 AS (SELECT ppd.PatientId, ppf.bmi FROM demo_user.pima_patient_features AS ppf JOIN demo_user.pima_patient_diagnoses AS ppd ON ppd.PatientId = ppf.PatientId) WITH DATA"
    }
}