{
    "query_type": "CREATE_VIEW",
    "query_type_props": {
        "kind": "VIEW"
    },
    "query_fingerprint": "5f1a47abe1e58158645efc579a96305ebe97a3b7658e4c3b39d0d3b39d87655b",
    "in_tables": [
        "urn:li:dataset:(urn:li:dataPlatform:mysql,scott.emp,PROD)"
    ],
    "out_tables": [
        "urn:li:dataset:(urn:li:dataPlatform:mysql,vsal,PROD)"
    ],
    "column_lineage": [
        {
            "downstream": {
                "table": "urn:li:dataset:(urn:li:dataPlatform:mysql,vsal,PROD)",
                "column": "Department",
                "column_type": null,
                "native_column_type": null
            },
            "upstreams": [
                {
                    "table": "urn:li:dataset:(urn:li:dataPlatform:mysql,scott.emp,PROD)",
                    "column": "deptno"
                }
            ],
            "logic": {
                "is_direct_copy": true,
                "column_logic": "`emp`.`deptno` AS `deptno`"
            }
        },
        {
            "downstream": {
                "table": "urn:li:dataset:(urn:li:dataPlatform:mysql,vsal,PROD)",
                "column": "Employees",
                "column_type": {
                    "type": {
                        "com.linkedin.pegasus2avro.schema.NumberType": {}
                    }
                },
                "native_column_type": "DOUBLE"
            },
            "upstreams": [],
            "logic": {
                "is_direct_copy": false,
                "column_logic": "`a`.`num_emp` / `b`.`total_count` AS `Employees`"
            }
        },
        {
            "downstream": {
                "table": "urn:li:dataset:(urn:li:dataPlatform:mysql,vsal,PROD)",
                "column": "Salary",
                "column_type": null,
                "native_column_type": null
            },
            "upstreams": [
                {
                    "table": "urn:li:dataset:(urn:li:dataPlatform:mysql,scott.emp,PROD)",
                    "column": "sal"
                }
            ],
            "logic": {
                "is_direct_copy": false,
                "column_logic": "`a`.`sal_sum` / `b`.`total_sal` AS `Salary`"
            }
        }
    ],
    "joins": [],
    "debug_info": {
        "confidence": 0.2,
        "generalized_statement": "CREATE VIEW vsal AS SELECT a.deptno AS `Department`, a.num_emp / b.total_count AS `Employees`, a.sal_sum / b.total_sal AS `Salary` FROM (SELECT deptno, COUNT() AS num_emp, SUM(sal) AS sal_sum FROM scott.emp WHERE city = ? GROUP BY deptno) AS a, (SELECT COUNT() AS total_count, SUM(sal) AS total_sal FROM scott.emp WHERE city = ?) AS b"
    }
}