{
    "query_type": "UPDATE",
    "query_type_props": {},
    "query_fingerprint": "a18081be3e7d4ab35c3357efb3c9e7acb66a1d4f000367e1db48dbdf00c5b3c3",
    "in_tables": [
        "urn:li:dataset:(urn:li:dataPlatform:snowflake,my_db.my_schema.my_table,PROD)",
        "urn:li:dataset:(urn:li:dataPlatform:snowflake,my_db.my_schema.table1,PROD)",
        "urn:li:dataset:(urn:li:dataPlatform:snowflake,my_db.my_schema.table2,PROD)"
    ],
    "out_tables": [
        "urn:li:dataset:(urn:li:dataPlatform:snowflake,my_db.my_schema.my_table,PROD)"
    ],
    "column_lineage": [
        {
            "downstream": {
                "table": "urn:li:dataset:(urn:li:dataPlatform:snowflake,my_db.my_schema.my_table,PROD)",
                "column": "col1",
                "column_type": {
                    "type": {
                        "com.linkedin.pegasus2avro.schema.StringType": {}
                    }
                },
                "native_column_type": "VARCHAR"
            },
            "upstreams": [
                {
                    "table": "urn:li:dataset:(urn:li:dataPlatform:snowflake,my_db.my_schema.table1,PROD)",
                    "column": "col1"
                },
                {
                    "table": "urn:li:dataset:(urn:li:dataPlatform:snowflake,my_db.my_schema.table1,PROD)",
                    "column": "col2"
                }
            ],
            "logic": {
                "is_direct_copy": false,
                "column_logic": "\"T1\".\"COL1\" || \"T1\".\"COL2\" AS \"COL1\""
            }
        },
        {
            "downstream": {
                "table": "urn:li:dataset:(urn:li:dataPlatform:snowflake,my_db.my_schema.my_table,PROD)",
                "column": "col2",
                "column_type": {
                    "type": {
                        "com.linkedin.pegasus2avro.schema.StringType": {}
                    }
                },
                "native_column_type": "VARCHAR"
            },
            "upstreams": [
                {
                    "table": "urn:li:dataset:(urn:li:dataPlatform:snowflake,my_db.my_schema.table1,PROD)",
                    "column": "col1"
                },
                {
                    "table": "urn:li:dataset:(urn:li:dataPlatform:snowflake,my_db.my_schema.table2,PROD)",
                    "column": "col2"
                }
            ],
            "logic": {
                "is_direct_copy": false,
                "column_logic": "\"T1\".\"COL1\" || \"T2\".\"COL2\" AS \"COL2\""
            }
        }
    ],
    "joins": [
        {
            "join_type": "JOIN",
            "left_tables": [
                "urn:li:dataset:(urn:li:dataPlatform:snowflake,my_db.my_schema.table1,PROD)"
            ],
            "right_tables": [
                "urn:li:dataset:(urn:li:dataPlatform:snowflake,my_db.my_schema.table2,PROD)"
            ],
            "on_clause": "\"T1\".\"ID\" = \"T2\".\"ID\"",
            "columns_involved": [
                {
                    "table": "urn:li:dataset:(urn:li:dataPlatform:snowflake,my_db.my_schema.table1,PROD)",
                    "column": "ID"
                },
                {
                    "table": "urn:li:dataset:(urn:li:dataPlatform:snowflake,my_db.my_schema.table2,PROD)",
                    "column": "ID"
                }
            ]
        },
        {
            "join_type": "JOIN",
            "left_tables": [
                "urn:li:dataset:(urn:li:dataPlatform:snowflake,my_db.my_schema.table1,PROD)"
            ],
            "right_tables": [
                "urn:li:dataset:(urn:li:dataPlatform:snowflake,my_db.my_schema.my_table,PROD)"
            ],
            "on_clause": null,
            "columns_involved": []
        }
    ],
    "debug_info": {
        "confidence": 0.9,
        "generalized_statement": "UPDATE my_table SET col1 = t1.col1 || t1.col2, col2 = t1.col1 || t2.col2 FROM table1 AS t1 JOIN table2 AS t2 ON t1.id = t2.id WHERE my_table.id = t1.id"
    }
}