{
    "query_type": "SELECT",
    "query_type_props": {},
    "query_fingerprint": "d24bfd01d95bc279eb7c945415f0eb429f28bd8c55f7878b26795c957ecafc27",
    "in_tables": [
        "urn:li:dataset:(urn:li:dataPlatform:postgres,my_db.my_schema.my_table1,PROD)",
        "urn:li:dataset:(urn:li:dataPlatform:postgres,my_db.my_schema.my_table2,PROD)"
    ],
    "out_tables": [],
    "column_lineage": [
        {
            "downstream": {
                "table": null,
                "column": "id",
                "column_type": {
                    "type": {
                        "com.linkedin.pegasus2avro.schema.NumberType": {}
                    }
                },
                "native_column_type": "INT"
            },
            "upstreams": [
                {
                    "table": "urn:li:dataset:(urn:li:dataPlatform:postgres,my_db.my_schema.my_table1,PROD)",
                    "column": "id"
                }
            ],
            "logic": {
                "is_direct_copy": true,
                "column_logic": "\"t1\".\"id\" AS \"id\""
            }
        },
        {
            "downstream": {
                "table": null,
                "column": "name",
                "column_type": {
                    "type": {
                        "com.linkedin.pegasus2avro.schema.StringType": {}
                    }
                },
                "native_column_type": "VARCHAR"
            },
            "upstreams": [
                {
                    "table": "urn:li:dataset:(urn:li:dataPlatform:postgres,my_db.my_schema.my_table1,PROD)",
                    "column": "name"
                }
            ],
            "logic": {
                "is_direct_copy": true,
                "column_logic": "\"t1\".\"name\" AS \"name\""
            }
        },
        {
            "downstream": {
                "table": null,
                "column": "value",
                "column_type": {
                    "type": {
                        "com.linkedin.pegasus2avro.schema.StringType": {}
                    }
                },
                "native_column_type": "VARCHAR"
            },
            "upstreams": [
                {
                    "table": "urn:li:dataset:(urn:li:dataPlatform:postgres,my_db.my_schema.my_table2,PROD)",
                    "column": "value"
                }
            ],
            "logic": {
                "is_direct_copy": true,
                "column_logic": "\"t2\".\"value\" AS \"value\""
            }
        }
    ],
    "joins": [
        {
            "join_type": "RIGHT JOIN",
            "left_tables": [
                "urn:li:dataset:(urn:li:dataPlatform:postgres,my_db.my_schema.my_table1,PROD)"
            ],
            "right_tables": [
                "urn:li:dataset:(urn:li:dataPlatform:postgres,my_db.my_schema.my_table2,PROD)"
            ],
            "on_clause": "\"t1\".\"id\" = \"t2\".\"id\"",
            "columns_involved": [
                {
                    "table": "urn:li:dataset:(urn:li:dataPlatform:postgres,my_db.my_schema.my_table1,PROD)",
                    "column": "id"
                },
                {
                    "table": "urn:li:dataset:(urn:li:dataPlatform:postgres,my_db.my_schema.my_table2,PROD)",
                    "column": "id"
                }
            ]
        }
    ],
    "debug_info": {
        "confidence": 0.9,
        "generalized_statement": "SELECT t1.id, t1.name, t2.value FROM my_table1 AS t1 RIGHT JOIN my_table2 AS t2 ON t1.id = t2.id"
    }
}