{
    "query_type": "CREATE_TABLE_AS_SELECT",
    "query_type_props": {
        "kind": "TABLE"
    },
    "query_fingerprint": "f9ecadf44a23ac60349f68bdbcb65fcab8b30c6fbeb972ae42fa13c551ea7458",
    "in_tables": [
        "urn:li:dataset:(urn:li:dataPlatform:redshift,my_db.public.permanent_1,PROD)"
    ],
    "out_tables": [
        "urn:li:dataset:(urn:li:dataPlatform:redshift,my_db.pg_automv.mv_tbl__auto_mv_12708107__0_recomputed,PROD)"
    ],
    "column_lineage": [
        {
            "downstream": {
                "table": "urn:li:dataset:(urn:li:dataPlatform:redshift,my_db.pg_automv.mv_tbl__auto_mv_12708107__0_recomputed,PROD)",
                "column": "aggvar_3",
                "column_type": {
                    "type": {
                        "com.linkedin.pegasus2avro.schema.NumberType": {}
                    }
                },
                "native_column_type": "BIGINT"
            },
            "upstreams": [],
            "logic": {
                "is_direct_copy": true,
                "column_logic": "COUNT(CAST(1 AS INTEGER)) AS \"aggvar_3\""
            }
        },
        {
            "downstream": {
                "table": "urn:li:dataset:(urn:li:dataPlatform:redshift,my_db.pg_automv.mv_tbl__auto_mv_12708107__0_recomputed,PROD)",
                "column": "num_rec",
                "column_type": {
                    "type": {
                        "com.linkedin.pegasus2avro.schema.NumberType": {}
                    }
                },
                "native_column_type": "BIGINT"
            },
            "upstreams": [],
            "logic": {
                "is_direct_copy": true,
                "column_logic": "COUNT(CAST(1 AS INTEGER)) AS \"num_rec\""
            }
        }
    ],
    "joins": [],
    "debug_info": {
        "confidence": 0.2,
        "generalized_statement": "CREATE TABLE \"pg_automv\".\"mv_tbl__auto_mv_12708107__0_recomputed\" BACKUP YES DISTSTYLE KEY DISTKEY(\"2\") AS (SELECT COUNT(CAST(? AS INTEGER)) AS \"aggvar_3\", COUNT(CAST(? AS INTEGER)) AS \"num_rec\" FROM \"public\".\"permanent_1\" AS \"permanent_1\" WHERE ((CAST(\"permanent_1\".\"insertxid\" AS BIGINT) <= ?) AND (CAST(\"permanent_1\".\"deletexid\" AS BIGINT) > ?)) OR (CAST(FALSE AS BOOLEAN) AND (CAST(\"permanent_1\".\"insertxid\" AS BIGINT) = ?) AND (CAST(\"permanent_1\".\"deletexid\" AS BIGINT) <> ?)))"
    }
}