[
{
    "proposedSnapshot": {
        "com.linkedin.pegasus2avro.metadata.snapshot.DatasetSnapshot": {
            "urn": "urn:li:dataset:(urn:li:dataPlatform:delta-lake,tests/integration/delta_lake/test_data/delta_tables/my_table_basic,UAT)",
            "aspects": [
                {
                    "com.linkedin.pegasus2avro.common.Status": {
                        "removed": false
                    }
                },
                {
                    "com.linkedin.pegasus2avro.dataset.DatasetProperties": {
                        "customProperties": {
                            "partition_columns": "['foo', 'bar']",
                            "table_creation_time": "1655831476360",
                            "id": "628d06df-ecb0-4314-a97e-75d8872db7c3",
                            "version": "4",
                            "location": "tests/integration/delta_lake/test_data/delta_tables/my_table_basic"
                        },
                        "name": "test-table-basic",
                        "description": "test delta table basic with table name",
                        "tags": []
                    }
                },
                {
                    "com.linkedin.pegasus2avro.schema.SchemaMetadata": {
                        "schemaName": "test-table-basic",
                        "platform": "urn:li:dataPlatform:delta-lake",
                        "version": 4,
                        "created": {
                            "time": 0,
                            "actor": "urn:li:corpuser:unknown"
                        },
                        "lastModified": {
                            "time": 0,
                            "actor": "urn:li:corpuser:unknown"
                        },
                        "hash": "",
                        "platformSchema": {
                            "com.linkedin.pegasus2avro.schema.OtherSchema": {
                                "rawSchema": ""
                            }
                        },
                        "fields": [
                            {
                                "fieldPath": "[version=2.0].[type=int].bar",
                                "nullable": true,
                                "type": {
                                    "type": {
                                        "com.linkedin.pegasus2avro.schema.NumberType": {}
                                    }
                                },
                                "nativeDataType": "integer",
                                "recursive": false,
                                "isPartOfKey": false
                            },
                            {
                                "fieldPath": "[version=2.0].[type=int].foo",
                                "nullable": true,
                                "type": {
                                    "type": {
                                        "com.linkedin.pegasus2avro.schema.NumberType": {}
                                    }
                                },
                                "nativeDataType": "integer",
                                "recursive": false,
                                "isPartOfKey": false
                            },
                            {
                                "fieldPath": "[version=2.0].[type=string].zip",
                                "nullable": true,
                                "type": {
                                    "type": {
                                        "com.linkedin.pegasus2avro.schema.StringType": {}
                                    }
                                },
                                "nativeDataType": "string",
                                "recursive": false,
                                "isPartOfKey": false
                            }
                        ]
                    }
                }
            ]
        }
    },
    "systemMetadata": {
        "lastObserved": 1615443388097,
        "runId": "single_table.json",
        "lastRunId": "no-run-id-provided"
    }
},
{
    "entityType": "container",
    "entityUrn": "urn:li:container:bdfaaacd66870755e65612e0b88dd4bf",
    "changeType": "UPSERT",
    "aspectName": "containerProperties",
    "aspect": {
        "json": {
            "customProperties": {
                "platform": "delta-lake",
                "env": "UAT",
                "folder_abs_path": "tests"
            },
            "name": "tests",
            "env": "UAT"
        }
    },
    "systemMetadata": {
        "lastObserved": 1615443388097,
        "runId": "single_table.json",
        "lastRunId": "no-run-id-provided"
    }
},
{
    "entityType": "container",
    "entityUrn": "urn:li:container:bdfaaacd66870755e65612e0b88dd4bf",
    "changeType": "UPSERT",
    "aspectName": "status",
    "aspect": {
        "json": {
            "removed": false
        }
    },
    "systemMetadata": {
        "lastObserved": 1615443388097,
        "runId": "single_table.json",
        "lastRunId": "no-run-id-provided"
    }
},
{
    "entityType": "container",
    "entityUrn": "urn:li:container:bdfaaacd66870755e65612e0b88dd4bf",
    "changeType": "UPSERT",
    "aspectName": "dataPlatformInstance",
    "aspect": {
        "json": {
            "platform": "urn:li:dataPlatform:delta-lake"
        }
    },
    "systemMetadata": {
        "lastObserved": 1615443388097,
        "runId": "single_table.json",
        "lastRunId": "no-run-id-provided"
    }
},
{
    "entityType": "container",
    "entityUrn": "urn:li:container:bdfaaacd66870755e65612e0b88dd4bf",
    "changeType": "UPSERT",
    "aspectName": "subTypes",
    "aspect": {
        "json": {
            "typeNames": [
                "Folder"
            ]
        }
    },
    "systemMetadata": {
        "lastObserved": 1615443388097,
        "runId": "single_table.json",
        "lastRunId": "no-run-id-provided"
    }
},
{
    "entityType": "container",
    "entityUrn": "urn:li:container:bdfaaacd66870755e65612e0b88dd4bf",
    "changeType": "UPSERT",
    "aspectName": "browsePathsV2",
    "aspect": {
        "json": {
            "path": []
        }
    },
    "systemMetadata": {
        "lastObserved": 1615443388097,
        "runId": "single_table.json",
        "lastRunId": "no-run-id-provided"
    }
},
{
    "entityType": "container",
    "entityUrn": "urn:li:container:974a39dc631803eddedc699cc9bb9759",
    "changeType": "UPSERT",
    "aspectName": "container",
    "aspect": {
        "json": {
            "container": "urn:li:container:bdfaaacd66870755e65612e0b88dd4bf"
        }
    },
    "systemMetadata": {
        "lastObserved": 1615443388097,
        "runId": "single_table.json",
        "lastRunId": "no-run-id-provided"
    }
},
{
    "entityType": "container",
    "entityUrn": "urn:li:container:974a39dc631803eddedc699cc9bb9759",
    "changeType": "UPSERT",
    "aspectName": "containerProperties",
    "aspect": {
        "json": {
            "customProperties": {
                "platform": "delta-lake",
                "env": "UAT",
                "folder_abs_path": "tests/integration"
            },
            "name": "integration",
            "env": "UAT"
        }
    },
    "systemMetadata": {
        "lastObserved": 1615443388097,
        "runId": "single_table.json",
        "lastRunId": "no-run-id-provided"
    }
},
{
    "entityType": "container",
    "entityUrn": "urn:li:container:974a39dc631803eddedc699cc9bb9759",
    "changeType": "UPSERT",
    "aspectName": "status",
    "aspect": {
        "json": {
            "removed": false
        }
    },
    "systemMetadata": {
        "lastObserved": 1615443388097,
        "runId": "single_table.json",
        "lastRunId": "no-run-id-provided"
    }
},
{
    "entityType": "container",
    "entityUrn": "urn:li:container:974a39dc631803eddedc699cc9bb9759",
    "changeType": "UPSERT",
    "aspectName": "dataPlatformInstance",
    "aspect": {
        "json": {
            "platform": "urn:li:dataPlatform:delta-lake"
        }
    },
    "systemMetadata": {
        "lastObserved": 1615443388097,
        "runId": "single_table.json",
        "lastRunId": "no-run-id-provided"
    }
},
{
    "entityType": "container",
    "entityUrn": "urn:li:container:974a39dc631803eddedc699cc9bb9759",
    "changeType": "UPSERT",
    "aspectName": "subTypes",
    "aspect": {
        "json": {
            "typeNames": [
                "Folder"
            ]
        }
    },
    "systemMetadata": {
        "lastObserved": 1615443388097,
        "runId": "single_table.json",
        "lastRunId": "no-run-id-provided"
    }
},
{
    "entityType": "container",
    "entityUrn": "urn:li:container:974a39dc631803eddedc699cc9bb9759",
    "changeType": "UPSERT",
    "aspectName": "browsePathsV2",
    "aspect": {
        "json": {
            "path": [
                {
                    "id": "urn:li:container:bdfaaacd66870755e65612e0b88dd4bf",
                    "urn": "urn:li:container:bdfaaacd66870755e65612e0b88dd4bf"
                }
            ]
        }
    },
    "systemMetadata": {
        "lastObserved": 1615443388097,
        "runId": "single_table.json",
        "lastRunId": "no-run-id-provided"
    }
},
{
    "entityType": "container",
    "entityUrn": "urn:li:container:dae543a1ed7ecfea4079a971dc7805a6",
    "changeType": "UPSERT",
    "aspectName": "container",
    "aspect": {
        "json": {
            "container": "urn:li:container:974a39dc631803eddedc699cc9bb9759"
        }
    },
    "systemMetadata": {
        "lastObserved": 1615443388097,
        "runId": "single_table.json",
        "lastRunId": "no-run-id-provided"
    }
},
{
    "entityType": "container",
    "entityUrn": "urn:li:container:dae543a1ed7ecfea4079a971dc7805a6",
    "changeType": "UPSERT",
    "aspectName": "containerProperties",
    "aspect": {
        "json": {
            "customProperties": {
                "platform": "delta-lake",
                "env": "UAT",
                "folder_abs_path": "tests/integration/delta_lake"
            },
            "name": "delta_lake",
            "env": "UAT"
        }
    },
    "systemMetadata": {
        "lastObserved": 1615443388097,
        "runId": "single_table.json",
        "lastRunId": "no-run-id-provided"
    }
},
{
    "entityType": "container",
    "entityUrn": "urn:li:container:dae543a1ed7ecfea4079a971dc7805a6",
    "changeType": "UPSERT",
    "aspectName": "status",
    "aspect": {
        "json": {
            "removed": false
        }
    },
    "systemMetadata": {
        "lastObserved": 1615443388097,
        "runId": "single_table.json",
        "lastRunId": "no-run-id-provided"
    }
},
{
    "entityType": "container",
    "entityUrn": "urn:li:container:dae543a1ed7ecfea4079a971dc7805a6",
    "changeType": "UPSERT",
    "aspectName": "dataPlatformInstance",
    "aspect": {
        "json": {
            "platform": "urn:li:dataPlatform:delta-lake"
        }
    },
    "systemMetadata": {
        "lastObserved": 1615443388097,
        "runId": "single_table.json",
        "lastRunId": "no-run-id-provided"
    }
},
{
    "entityType": "container",
    "entityUrn": "urn:li:container:dae543a1ed7ecfea4079a971dc7805a6",
    "changeType": "UPSERT",
    "aspectName": "subTypes",
    "aspect": {
        "json": {
            "typeNames": [
                "Folder"
            ]
        }
    },
    "systemMetadata": {
        "lastObserved": 1615443388097,
        "runId": "single_table.json",
        "lastRunId": "no-run-id-provided"
    }
},
{
    "entityType": "container",
    "entityUrn": "urn:li:container:dae543a1ed7ecfea4079a971dc7805a6",
    "changeType": "UPSERT",
    "aspectName": "browsePathsV2",
    "aspect": {
        "json": {
            "path": [
                {
                    "id": "urn:li:container:bdfaaacd66870755e65612e0b88dd4bf",
                    "urn": "urn:li:container:bdfaaacd66870755e65612e0b88dd4bf"
                },
                {
                    "id": "urn:li:container:974a39dc631803eddedc699cc9bb9759",
                    "urn": "urn:li:container:974a39dc631803eddedc699cc9bb9759"
                }
            ]
        }
    },
    "systemMetadata": {
        "lastObserved": 1615443388097,
        "runId": "single_table.json",
        "lastRunId": "no-run-id-provided"
    }
},
{
    "entityType": "container",
    "entityUrn": "urn:li:container:ee050cda8eca59687021c24cbc0bb8a4",
    "changeType": "UPSERT",
    "aspectName": "container",
    "aspect": {
        "json": {
            "container": "urn:li:container:dae543a1ed7ecfea4079a971dc7805a6"
        }
    },
    "systemMetadata": {
        "lastObserved": 1615443388097,
        "runId": "single_table.json",
        "lastRunId": "no-run-id-provided"
    }
},
{
    "entityType": "container",
    "entityUrn": "urn:li:container:ee050cda8eca59687021c24cbc0bb8a4",
    "changeType": "UPSERT",
    "aspectName": "containerProperties",
    "aspect": {
        "json": {
            "customProperties": {
                "platform": "delta-lake",
                "env": "UAT",
                "folder_abs_path": "tests/integration/delta_lake/test_data"
            },
            "name": "test_data",
            "env": "UAT"
        }
    },
    "systemMetadata": {
        "lastObserved": 1615443388097,
        "runId": "single_table.json",
        "lastRunId": "no-run-id-provided"
    }
},
{
    "entityType": "container",
    "entityUrn": "urn:li:container:ee050cda8eca59687021c24cbc0bb8a4",
    "changeType": "UPSERT",
    "aspectName": "status",
    "aspect": {
        "json": {
            "removed": false
        }
    },
    "systemMetadata": {
        "lastObserved": 1615443388097,
        "runId": "single_table.json",
        "lastRunId": "no-run-id-provided"
    }
},
{
    "entityType": "container",
    "entityUrn": "urn:li:container:ee050cda8eca59687021c24cbc0bb8a4",
    "changeType": "UPSERT",
    "aspectName": "dataPlatformInstance",
    "aspect": {
        "json": {
            "platform": "urn:li:dataPlatform:delta-lake"
        }
    },
    "systemMetadata": {
        "lastObserved": 1615443388097,
        "runId": "single_table.json",
        "lastRunId": "no-run-id-provided"
    }
},
{
    "entityType": "container",
    "entityUrn": "urn:li:container:ee050cda8eca59687021c24cbc0bb8a4",
    "changeType": "UPSERT",
    "aspectName": "subTypes",
    "aspect": {
        "json": {
            "typeNames": [
                "Folder"
            ]
        }
    },
    "systemMetadata": {
        "lastObserved": 1615443388097,
        "runId": "single_table.json",
        "lastRunId": "no-run-id-provided"
    }
},
{
    "entityType": "container",
    "entityUrn": "urn:li:container:ee050cda8eca59687021c24cbc0bb8a4",
    "changeType": "UPSERT",
    "aspectName": "browsePathsV2",
    "aspect": {
        "json": {
            "path": [
                {
                    "id": "urn:li:container:bdfaaacd66870755e65612e0b88dd4bf",
                    "urn": "urn:li:container:bdfaaacd66870755e65612e0b88dd4bf"
                },
                {
                    "id": "urn:li:container:974a39dc631803eddedc699cc9bb9759",
                    "urn": "urn:li:container:974a39dc631803eddedc699cc9bb9759"
                },
                {
                    "id": "urn:li:container:dae543a1ed7ecfea4079a971dc7805a6",
                    "urn": "urn:li:container:dae543a1ed7ecfea4079a971dc7805a6"
                }
            ]
        }
    },
    "systemMetadata": {
        "lastObserved": 1615443388097,
        "runId": "single_table.json",
        "lastRunId": "no-run-id-provided"
    }
},
{
    "entityType": "container",
    "entityUrn": "urn:li:container:ad4b596846e8e010114b1ec82b324fab",
    "changeType": "UPSERT",
    "aspectName": "container",
    "aspect": {
        "json": {
            "container": "urn:li:container:ee050cda8eca59687021c24cbc0bb8a4"
        }
    },
    "systemMetadata": {
        "lastObserved": 1615443388097,
        "runId": "single_table.json",
        "lastRunId": "no-run-id-provided"
    }
},
{
    "entityType": "container",
    "entityUrn": "urn:li:container:ad4b596846e8e010114b1ec82b324fab",
    "changeType": "UPSERT",
    "aspectName": "containerProperties",
    "aspect": {
        "json": {
            "customProperties": {
                "platform": "delta-lake",
                "env": "UAT",
                "folder_abs_path": "tests/integration/delta_lake/test_data/delta_tables"
            },
            "name": "delta_tables",
            "env": "UAT"
        }
    },
    "systemMetadata": {
        "lastObserved": 1615443388097,
        "runId": "single_table.json",
        "lastRunId": "no-run-id-provided"
    }
},
{
    "entityType": "container",
    "entityUrn": "urn:li:container:ad4b596846e8e010114b1ec82b324fab",
    "changeType": "UPSERT",
    "aspectName": "status",
    "aspect": {
        "json": {
            "removed": false
        }
    },
    "systemMetadata": {
        "lastObserved": 1615443388097,
        "runId": "single_table.json",
        "lastRunId": "no-run-id-provided"
    }
},
{
    "entityType": "container",
    "entityUrn": "urn:li:container:ad4b596846e8e010114b1ec82b324fab",
    "changeType": "UPSERT",
    "aspectName": "dataPlatformInstance",
    "aspect": {
        "json": {
            "platform": "urn:li:dataPlatform:delta-lake"
        }
    },
    "systemMetadata": {
        "lastObserved": 1615443388097,
        "runId": "single_table.json",
        "lastRunId": "no-run-id-provided"
    }
},
{
    "entityType": "container",
    "entityUrn": "urn:li:container:ad4b596846e8e010114b1ec82b324fab",
    "changeType": "UPSERT",
    "aspectName": "subTypes",
    "aspect": {
        "json": {
            "typeNames": [
                "Folder"
            ]
        }
    },
    "systemMetadata": {
        "lastObserved": 1615443388097,
        "runId": "single_table.json",
        "lastRunId": "no-run-id-provided"
    }
},
{
    "entityType": "container",
    "entityUrn": "urn:li:container:ad4b596846e8e010114b1ec82b324fab",
    "changeType": "UPSERT",
    "aspectName": "browsePathsV2",
    "aspect": {
        "json": {
            "path": [
                {
                    "id": "urn:li:container:bdfaaacd66870755e65612e0b88dd4bf",
                    "urn": "urn:li:container:bdfaaacd66870755e65612e0b88dd4bf"
                },
                {
                    "id": "urn:li:container:974a39dc631803eddedc699cc9bb9759",
                    "urn": "urn:li:container:974a39dc631803eddedc699cc9bb9759"
                },
                {
                    "id": "urn:li:container:dae543a1ed7ecfea4079a971dc7805a6",
                    "urn": "urn:li:container:dae543a1ed7ecfea4079a971dc7805a6"
                },
                {
                    "id": "urn:li:container:ee050cda8eca59687021c24cbc0bb8a4",
                    "urn": "urn:li:container:ee050cda8eca59687021c24cbc0bb8a4"
                }
            ]
        }
    },
    "systemMetadata": {
        "lastObserved": 1615443388097,
        "runId": "single_table.json",
        "lastRunId": "no-run-id-provided"
    }
},
{
    "entityType": "dataset",
    "entityUrn": "urn:li:dataset:(urn:li:dataPlatform:delta-lake,tests/integration/delta_lake/test_data/delta_tables/my_table_basic,UAT)",
    "changeType": "UPSERT",
    "aspectName": "container",
    "aspect": {
        "json": {
            "container": "urn:li:container:ad4b596846e8e010114b1ec82b324fab"
        }
    },
    "systemMetadata": {
        "lastObserved": 1615443388097,
        "runId": "single_table.json",
        "lastRunId": "no-run-id-provided"
    }
},
{
    "entityType": "dataset",
    "entityUrn": "urn:li:dataset:(urn:li:dataPlatform:delta-lake,tests/integration/delta_lake/test_data/delta_tables/my_table_basic,UAT)",
    "changeType": "UPSERT",
    "aspectName": "operation",
    "aspect": {
        "json": {
            "timestampMillis": 1615443388097,
            "partitionSpec": {
                "partition": "FULL_TABLE_SNAPSHOT",
                "type": "FULL_TABLE"
            },
            "operationType": "CUSTOM",
            "customOperationType": "WRITE",
            "customProperties": {
                "engineInfo": "local Delta-Standalone/0.4.0",
                "isBlindAppend": "True",
                "isolationLevel": "Serializable",
                "readVersion": "3",
                "version": "4"
            },
            "lastUpdatedTimestamp": 1655831477768
        }
    },
    "systemMetadata": {
        "lastObserved": 1615443388097,
        "runId": "single_table.json",
        "lastRunId": "no-run-id-provided"
    }
},
{
    "entityType": "dataset",
    "entityUrn": "urn:li:dataset:(urn:li:dataPlatform:delta-lake,tests/integration/delta_lake/test_data/delta_tables/my_table_basic,UAT)",
    "changeType": "UPSERT",
    "aspectName": "browsePathsV2",
    "aspect": {
        "json": {
            "path": [
                {
                    "id": "urn:li:container:bdfaaacd66870755e65612e0b88dd4bf",
                    "urn": "urn:li:container:bdfaaacd66870755e65612e0b88dd4bf"
                },
                {
                    "id": "urn:li:container:974a39dc631803eddedc699cc9bb9759",
                    "urn": "urn:li:container:974a39dc631803eddedc699cc9bb9759"
                },
                {
                    "id": "urn:li:container:dae543a1ed7ecfea4079a971dc7805a6",
                    "urn": "urn:li:container:dae543a1ed7ecfea4079a971dc7805a6"
                },
                {
                    "id": "urn:li:container:ee050cda8eca59687021c24cbc0bb8a4",
                    "urn": "urn:li:container:ee050cda8eca59687021c24cbc0bb8a4"
                },
                {
                    "id": "urn:li:container:ad4b596846e8e010114b1ec82b324fab",
                    "urn": "urn:li:container:ad4b596846e8e010114b1ec82b324fab"
                }
            ]
        }
    },
    "systemMetadata": {
        "lastObserved": 1615443388097,
        "runId": "single_table.json",
        "lastRunId": "no-run-id-provided"
    }
},
{
    "entityType": "dataset",
    "entityUrn": "urn:li:dataset:(urn:li:dataPlatform:delta-lake,tests/integration/delta_lake/test_data/delta_tables/my_table_basic,UAT)",
    "changeType": "PATCH",
    "aspectName": "datasetProperties",
    "aspect": {
        "json": [
            {
                "op": "add",
                "path": "/lastModified",
                "value": {
                    "time": 1655831477768
                }
            }
        ]
    },
    "systemMetadata": {
        "lastObserved": 1615443388097,
        "runId": "single_table.json",
        "lastRunId": "no-run-id-provided"
    }
}
]